---
source: tests/lexer_proptest.rs
assertion_line: 25
expression: tokens
---
[
    DocStart,
    Text,
    Whitespace,
    Text,
    Whitespace,
    Text,
    Whitespace,
    Text,
    Newline,
    BlankLine,
    Text,
    Whitespace,
    Text,
    Whitespace,
    Text,
    Whitespace,
    Text,
    Whitespace,
    Text,
    Whitespace,
    Text,
    Whitespace,
    Text,
    Whitespace,
    Text,
    Whitespace,
    Text,
    Period,
    Whitespace,
    Text,
    Newline,
    BlankLine,
    Text,
    Whitespace,
    Text,
    Whitespace,
    Text,
    Whitespace,
    Text,
    Dash,
    Text,
    Whitespace,
    Text,
    Period,
    Newline,
    Text,
    Whitespace,
    Text,
    Whitespace,
    Text,
    Whitespace,
    Text,
    Whitespace,
    Text,
    Whitespace,
    Text,
    Period,
    Newline,
    Text,
    Whitespace,
    Text,
    Whitespace,
    Text,
    Whitespace,
    Text,
    Whitespace,
    Text,
    Whitespace,
    Text,
    Period,
    Whitespace,
    Text,
    Newline,
    BlankLine,
    Text,
    Whitespace,
    Text,
    Whitespace,
    Text,
    Whitespace,
    Text,
    Whitespace,
    Text,
    Whitespace,
    Text,
    Whitespace,
    Text,
    Period,
    Whitespace,
    Text,
    Newline,
    BlankLine,
    Text,
    Whitespace,
    Text,
    Whitespace,
    Text,
    Whitespace,
    Text,
    Whitespace,
    Text,
    Whitespace,
    Text,
    Colon,
    Whitespace,
    Text,
    OpenParen,
    CloseParen,
    Text,
    Dash,
    Equals,
    Text,
    Colon,
    Quote,
    Comma,
    Period,
    Text,
    Whitespace,
    Text,
    Newline,
    BlankLine,
    Text,
    Whitespace,
    Text,
    Whitespace,
    Text,
    Whitespace,
    Text,
    Colon,
    Whitespace,
    Number,
    Comma,
    Whitespace,
    Number,
    Comma,
    Whitespace,
    Number,
    Whitespace,
    Text,
    Newline,
    BlankLine,
    Text,
    Whitespace,
    Text,
    Whitespace,
    Text,
    Whitespace,
    Text,
    Whitespace,
    Text,
    Whitespace,
    Text,
    Colon,
    Whitespace,
    Text,
    Whitespace,
    Text,
    Whitespace,
    Text,
    Whitespace,
    Text,
    Whitespace,
    Text,
    Whitespace,
    Text,
    Whitespace,
    Text,
    Whitespace,
    Text,
    Whitespace,
    Text,
    Period,
    Whitespace,
    Number,
    Whitespace,
    Text,
    Whitespace,
    Text,
    Whitespace,
    Text,
    Newline,
    DocEnd,
]
