---
source: tests/lexer_proptest.rs
expression: tokens
---
[
    Text,
    Whitespace,
    Text,
    Whitespace,
    Text,
    Whitespace,
    Text,
    Newline,
    Newline,
    Text,
    Whitespace,
    Text,
    Whitespace,
    Text,
    Whitespace,
    Text,
    Whitespace,
    Text,
    Whitespace,
    Text,
    Whitespace,
    Text,
    Whitespace,
    Text,
    Whitespace,
    Text,
    Whitespace,
    Text,
    Whitespace,
    OpenParen,
    Text,
    Whitespace,
    Text,
    Whitespace,
    Text,
    CloseParen,
    Whitespace,
    Text,
    Whitespace,
    Text,
    Whitespace,
    Text,
    Whitespace,
    Text,
    Whitespace,
    Text,
    Period,
    Whitespace,
    Text,
    Newline,
    Newline,
    Number,
    Period,
    Whitespace,
    Text,
    Whitespace,
    Text,
    Whitespace,
    Text,
    Dash,
    Text,
    Newline,
    Newline,
    Indent,
    Text,
    Whitespace,
    Text,
    Whitespace,
    Text,
    Whitespace,
    Text,
    Whitespace,
    Text,
    Whitespace,
    Text,
    Whitespace,
    Text,
    Period,
    Whitespace,
    Text,
    Newline,
    Newline,
    Indent,
    Number,
    Period,
    Number,
    Period,
    Whitespace,
    Text,
    Dash,
    Text,
    Whitespace,
    Text,
    Whitespace,
    Text,
    Whitespace,
    Text,
    Dash,
    Text,
    Newline,
    Newline,
    Indent,
    Indent,
    Text,
    Whitespace,
    Text,
    Dash,
    Text,
    Whitespace,
    Text,
    Whitespace,
    Text,
    Whitespace,
    Text,
    Whitespace,
    Text,
    Period,
    Whitespace,
    Text,
    Newline,
    Newline,
    Indent,
    Indent,
    Dash,
    Whitespace,
    Text,
    Whitespace,
    Text,
    Whitespace,
    Text,
    Whitespace,
    Text,
    Whitespace,
    Text,
    Dash,
    Text,
    Newline,
    Indent,
    Indent,
    Dash,
    Whitespace,
    Text,
    Whitespace,
    Text,
    Whitespace,
    Text,
    Whitespace,
    Text,
    Dash,
    Text,
    Newline,
    Newline,
    Indent,
    Number,
    Period,
    Number,
    Period,
    Whitespace,
    Text,
    Dash,
    Text,
    Whitespace,
    Text,
    Whitespace,
    Text,
    Whitespace,
    Text,
    Dash,
    Text,
    Newline,
    Newline,
    Indent,
    Indent,
    Dash,
    Whitespace,
    Text,
    Whitespace,
    Text,
    Whitespace,
    Text,
    Whitespace,
    Text,
    Whitespace,
    Text,
    Dash,
    Text,
    Newline,
    Indent,
    Indent,
    Dash,
    Whitespace,
    Text,
    Whitespace,
    Text,
    Whitespace,
    Text,
    Whitespace,
    Text,
    Dash,
    Text,
    Newline,
    Newline,
    Indent,
    Indent,
    Text,
    Whitespace,
    Text,
    Whitespace,
    Text,
    Whitespace,
    Text,
    Period,
    Whitespace,
    Text,
    Newline,
    Newline,
    Indent,
    Indent,
    Number,
    Period,
    Number,
    Period,
    Number,
    Period,
    Whitespace,
    Text,
    Whitespace,
    Text,
    Whitespace,
    Text,
    Whitespace,
    Text,
    Dash,
    Text,
    Newline,
    Newline,
    Indent,
    Indent,
    Indent,
    Text,
    Whitespace,
    Text,
    Whitespace,
    Text,
    Whitespace,
    Text,
    Whitespace,
    Text,
    Whitespace,
    Text,
    Period,
    Whitespace,
    Text,
    Newline,
    Newline,
    Indent,
    Indent,
    Indent,
    Dash,
    Whitespace,
    Text,
    Whitespace,
    Text,
    Whitespace,
    Text,
    Whitespace,
    Text,
    Whitespace,
    Text,
    Dash,
    Text,
    Newline,
    Indent,
    Indent,
    Indent,
    Dash,
    Whitespace,
    Text,
    Whitespace,
    Text,
    Whitespace,
    Text,
    Whitespace,
    Text,
    Dash,
    Text,
    Newline,
    Newline,
    Indent,
    Indent,
    Indent,
    Dash,
    Whitespace,
    Text,
    Whitespace,
    Text,
    Whitespace,
    Text,
    Whitespace,
    Text,
    Dash,
    Text,
    Newline,
    Indent,
    Indent,
    Indent,
    Dash,
    Whitespace,
    Text,
    Whitespace,
    Text,
    Whitespace,
    Text,
    Whitespace,
    Text,
    Whitespace,
    Text,
    Dash,
    Text,
    Newline,
    Newline,
    Indent,
    Text,
    Whitespace,
    Text,
    Whitespace,
    Text,
    Whitespace,
    Text,
    Whitespace,
    Text,
    Whitespace,
    Text,
    Period,
    Whitespace,
    Text,
    Newline,
    Newline,
    Indent,
    Dash,
    Whitespace,
    Text,
    Whitespace,
    Text,
    Whitespace,
    Text,
    Whitespace,
    Text,
    Whitespace,
    Text,
    Whitespace,
    Text,
    Whitespace,
    Text,
    Dash,
    Text,
    Newline,
    Indent,
    Dash,
    Whitespace,
    Text,
    Whitespace,
    Text,
    Whitespace,
    Text,
    Whitespace,
    Text,
    Whitespace,
    Text,
    Dash,
    Text,
    Newline,
    Newline,
    Number,
    Period,
    Whitespace,
    Text,
    Whitespace,
    Text,
    Whitespace,
    Text,
    Whitespace,
    Text,
    Dash,
    Text,
    Newline,
    Newline,
    Indent,
    Text,
    Whitespace,
    Text,
    Whitespace,
    Text,
    Whitespace,
    Text,
    Whitespace,
    Text,
    Whitespace,
    Text,
    Period,
    Whitespace,
    Text,
    Newline,
    Newline,
    Indent,
    Number,
    Period,
    Number,
    Period,
    Whitespace,
    Text,
    Whitespace,
    Text,
    Whitespace,
    Text,
    Dash,
    Text,
    Whitespace,
    Text,
    Dash,
    Text,
    Newline,
    Newline,
    Indent,
    Indent,
    Dash,
    Whitespace,
    Text,
    Whitespace,
    Text,
    Whitespace,
    Text,
    Whitespace,
    Text,
    Dash,
    Text,
    Newline,
    Indent,
    Indent,
    Dash,
    Whitespace,
    Text,
    Whitespace,
    Text,
    Whitespace,
    Text,
    Dash,
    Text,
    Newline,
    Newline,
    Indent,
    Indent,
    Text,
    Whitespace,
    Text,
    Whitespace,
    Text,
    Whitespace,
    Text,
    Period,
    Whitespace,
    Text,
    Newline,
    Newline,
    Indent,
    Indent,
    Dash,
    Whitespace,
    Text,
    Whitespace,
    Text,
    Whitespace,
    Text,
    Whitespace,
    Text,
    Whitespace,
    Text,
    Dash,
    Text,
    Newline,
    Indent,
    Indent,
    Dash,
    Whitespace,
    Text,
    Whitespace,
    Text,
    Whitespace,
    Text,
    Whitespace,
    Text,
    Whitespace,
    Text,
    Dash,
    Text,
    Newline,
    Newline,
    Indent,
    Indent,
    Number,
    Period,
    Number,
    Period,
    Number,
    Period,
    Whitespace,
    Text,
    Whitespace,
    Text,
    Whitespace,
    Text,
    Whitespace,
    Text,
    Dash,
    Text,
    Newline,
    Newline,
    Indent,
    Indent,
    Indent,
    Text,
    Whitespace,
    Text,
    Whitespace,
    Text,
    Whitespace,
    Text,
    Whitespace,
    Text,
    Whitespace,
    Text,
    Whitespace,
    Text,
    Period,
    Whitespace,
    Text,
    Newline,
    Newline,
    Indent,
    Indent,
    Indent,
    Dash,
    Whitespace,
    Text,
    Whitespace,
    Text,
    Whitespace,
    Text,
    Whitespace,
    Text,
    Dash,
    Text,
    Newline,
    Indent,
    Indent,
    Indent,
    Dash,
    Whitespace,
    Text,
    Whitespace,
    Text,
    Whitespace,
    Text,
    Whitespace,
    Text,
    Dash,
    Text,
    Newline,
    Newline,
    Indent,
    Indent,
    Indent,
    Text,
    Whitespace,
    Text,
    Whitespace,
    Text,
    Whitespace,
    Text,
    Whitespace,
    Text,
    Period,
    Whitespace,
    Text,
    Newline,
    Newline,
    Indent,
    Indent,
    Indent,
    Dash,
    Whitespace,
    Text,
    Whitespace,
    Text,
    Whitespace,
    Text,
    Whitespace,
    Text,
    Dash,
    Text,
    Newline,
    Indent,
    Indent,
    Indent,
    Dash,
    Whitespace,
    Text,
    Whitespace,
    Text,
    Whitespace,
    Text,
    Whitespace,
    Text,
    Whitespace,
    Text,
    Dash,
    Text,
    Newline,
    Newline,
    Text,
    Whitespace,
    Text,
    Whitespace,
    Text,
    Whitespace,
    Text,
    Period,
    Whitespace,
    Text,
    Newline,
]
