---
source: tests/lexer_proptest.rs
assertion_line: 34
expression: tokens
---
[
    Text(
        "Paragraphs",
    ),
    Whitespace,
    Text(
        "and",
    ),
    Whitespace,
    Text(
        "Single",
    ),
    Whitespace,
    Text(
        "Session",
    ),
    Whitespace,
    Text(
        "Test",
    ),
    Whitespace,
    Text(
        "{{paragraph}}",
    ),
    Newline,
    BlankLine,
    Text(
        "This",
    ),
    Whitespace,
    Text(
        "document",
    ),
    Whitespace,
    Text(
        "tests",
    ),
    Whitespace,
    Text(
        "the",
    ),
    Whitespace,
    Text(
        "combination",
    ),
    Whitespace,
    Text(
        "of",
    ),
    Whitespace,
    Text(
        "paragraphs",
    ),
    Whitespace,
    Text(
        "and",
    ),
    Whitespace,
    Text(
        "a",
    ),
    Whitespace,
    Text(
        "single",
    ),
    Whitespace,
    Text(
        "session",
    ),
    Whitespace,
    Text(
        "at",
    ),
    Whitespace,
    Text(
        "the",
    ),
    Whitespace,
    Text(
        "root",
    ),
    Whitespace,
    Text(
        "level",
    ),
    Period,
    Whitespace,
    Text(
        "{{paragraph}}",
    ),
    Newline,
    BlankLine,
    Number(
        "1",
    ),
    Period,
    Whitespace,
    Text(
        "Introduction",
    ),
    Whitespace,
    Text(
        "{{session",
    ),
    Dash,
    Text(
        "title}}",
    ),
    Newline,
    BlankLine,
    IndentLevel,
    Text(
        "This",
    ),
    Whitespace,
    Text(
        "is",
    ),
    Whitespace,
    Text(
        "the",
    ),
    Whitespace,
    Text(
        "content",
    ),
    Whitespace,
    Text(
        "of",
    ),
    Whitespace,
    Text(
        "the",
    ),
    Whitespace,
    Text(
        "session",
    ),
    Period,
    Whitespace,
    Text(
        "It",
    ),
    Whitespace,
    Text(
        "contains",
    ),
    Whitespace,
    Text(
        "a",
    ),
    Whitespace,
    Text(
        "paragraph",
    ),
    Whitespace,
    Text(
        "that",
    ),
    Whitespace,
    Text(
        "is",
    ),
    Whitespace,
    Text(
        "indented",
    ),
    Whitespace,
    Text(
        "relative",
    ),
    Whitespace,
    Text(
        "to",
    ),
    Whitespace,
    Text(
        "the",
    ),
    Whitespace,
    Text(
        "session",
    ),
    Whitespace,
    Text(
        "title",
    ),
    Period,
    Whitespace,
    Text(
        "{{paragraph}}",
    ),
    Newline,
    BlankLine,
    Text(
        "The",
    ),
    Whitespace,
    Text(
        "session",
    ),
    Whitespace,
    Text(
        "can",
    ),
    Whitespace,
    Text(
        "contain",
    ),
    Whitespace,
    Text(
        "multiple",
    ),
    Whitespace,
    Text(
        "paragraphs",
    ),
    Whitespace,
    Text(
        "as",
    ),
    Whitespace,
    Text(
        "long",
    ),
    Whitespace,
    Text(
        "as",
    ),
    Whitespace,
    Text(
        "they",
    ),
    Whitespace,
    Text(
        "are",
    ),
    Whitespace,
    Text(
        "properly",
    ),
    Whitespace,
    Text(
        "indented",
    ),
    Period,
    Whitespace,
    Text(
        "{{paragraph}}",
    ),
    Newline,
    BlankLine,
    DedentLevel,
    Text(
        "This",
    ),
    Whitespace,
    Text(
        "paragraph",
    ),
    Whitespace,
    Text(
        "comes",
    ),
    Whitespace,
    Text(
        "after",
    ),
    Whitespace,
    Text(
        "the",
    ),
    Whitespace,
    Text(
        "session",
    ),
    Whitespace,
    Text(
        "and",
    ),
    Whitespace,
    Text(
        "is",
    ),
    Whitespace,
    Text(
        "at",
    ),
    Whitespace,
    Text(
        "the",
    ),
    Whitespace,
    Text(
        "root",
    ),
    Whitespace,
    Text(
        "level",
    ),
    Period,
    Whitespace,
    Text(
        "{{paragraph}}",
    ),
    Newline,
    BlankLine,
    Text(
        "Another",
    ),
    Whitespace,
    Text(
        "Session",
    ),
    Whitespace,
    Text(
        "{{session",
    ),
    Dash,
    Text(
        "title}}",
    ),
    Newline,
    BlankLine,
    IndentLevel,
    Text(
        "This",
    ),
    Whitespace,
    Text(
        "session",
    ),
    Whitespace,
    Text(
        "demonstrates",
    ),
    Whitespace,
    Text(
        "that",
    ),
    Whitespace,
    Text(
        "we",
    ),
    Whitespace,
    Text(
        "can",
    ),
    Whitespace,
    Text(
        "have",
    ),
    Whitespace,
    Text(
        "multiple",
    ),
    Whitespace,
    Text(
        "sessions",
    ),
    Whitespace,
    Text(
        "at",
    ),
    Whitespace,
    Text(
        "the",
    ),
    Whitespace,
    Text(
        "same",
    ),
    Whitespace,
    Text(
        "level",
    ),
    Period,
    Whitespace,
    Text(
        "{{paragraph}}",
    ),
    Newline,
    BlankLine,
    DedentLevel,
    Text(
        "Final",
    ),
    Whitespace,
    Text(
        "paragraph",
    ),
    Whitespace,
    Text(
        "at",
    ),
    Whitespace,
    Text(
        "the",
    ),
    Whitespace,
    Text(
        "root",
    ),
    Whitespace,
    Text(
        "level",
    ),
    Period,
    Whitespace,
    Text(
        "{{paragraph}}",
    ),
    Newline,
]
