---
source: tests/lexer_proptest.rs
expression: tokens
---
[
    DocStart,
    Text(
        "Simple",
    ),
    Whitespace,
    Text(
        "Paragraphs",
    ),
    Whitespace,
    Text(
        "Test",
    ),
    Whitespace,
    Text(
        "{{paragraph}}",
    ),
    Newline,
    BlankLine,
    Text(
        "This",
    ),
    Whitespace,
    Text(
        "is",
    ),
    Whitespace,
    Text(
        "a",
    ),
    Whitespace,
    Text(
        "simple",
    ),
    Whitespace,
    Text(
        "paragraph",
    ),
    Whitespace,
    Text(
        "with",
    ),
    Whitespace,
    Text(
        "just",
    ),
    Whitespace,
    Text(
        "one",
    ),
    Whitespace,
    Text(
        "line",
    ),
    Period,
    Whitespace,
    Text(
        "{{paragraph}}",
    ),
    Newline,
    BlankLine,
    Text(
        "This",
    ),
    Whitespace,
    Text(
        "is",
    ),
    Whitespace,
    Text(
        "a",
    ),
    Whitespace,
    Text(
        "multi",
    ),
    Dash,
    Text(
        "line",
    ),
    Whitespace,
    Text(
        "paragraph",
    ),
    Period,
    Newline,
    Text(
        "It",
    ),
    Whitespace,
    Text(
        "continues",
    ),
    Whitespace,
    Text(
        "on",
    ),
    Whitespace,
    Text(
        "the",
    ),
    Whitespace,
    Text(
        "second",
    ),
    Whitespace,
    Text(
        "line",
    ),
    Period,
    Newline,
    Text(
        "And",
    ),
    Whitespace,
    Text(
        "even",
    ),
    Whitespace,
    Text(
        "has",
    ),
    Whitespace,
    Text(
        "a",
    ),
    Whitespace,
    Text(
        "third",
    ),
    Whitespace,
    Text(
        "line",
    ),
    Period,
    Whitespace,
    Text(
        "{{paragraph}}",
    ),
    Newline,
    BlankLine,
    Text(
        "Another",
    ),
    Whitespace,
    Text(
        "paragraph",
    ),
    Whitespace,
    Text(
        "follows",
    ),
    Whitespace,
    Text(
        "after",
    ),
    Whitespace,
    Text(
        "a",
    ),
    Whitespace,
    Text(
        "blank",
    ),
    Whitespace,
    Text(
        "line",
    ),
    Period,
    Whitespace,
    Text(
        "{{paragraph}}",
    ),
    Newline,
    BlankLine,
    Text(
        "This",
    ),
    Whitespace,
    Text(
        "paragraph",
    ),
    Whitespace,
    Text(
        "has",
    ),
    Whitespace,
    Text(
        "some",
    ),
    Whitespace,
    Text(
        "special",
    ),
    Whitespace,
    Text(
        "characters",
    ),
    Colon,
    Whitespace,
    Text(
        "!@#$%^&*",
    ),
    OpenParen,
    CloseParen,
    Text(
        "_+",
    ),
    Dash,
    Equals,
    Text(
        "[]{}|;'",
    ),
    Colon,
    Quote,
    Comma,
    Period,
    Text(
        "/<>?",
    ),
    Whitespace,
    Text(
        "{{paragraph}}",
    ),
    Newline,
    BlankLine,
    Text(
        "Paragraphs",
    ),
    Whitespace,
    Text(
        "can",
    ),
    Whitespace,
    Text(
        "contain",
    ),
    Whitespace,
    Text(
        "numbers",
    ),
    Colon,
    Whitespace,
    Number(
        "123",
    ),
    Comma,
    Whitespace,
    Number(
        "456",
    ),
    Comma,
    Whitespace,
    Number(
        "789",
    ),
    Whitespace,
    Text(
        "{{paragraph}}",
    ),
    Newline,
    BlankLine,
    Text(
        "And",
    ),
    Whitespace,
    Text(
        "they",
    ),
    Whitespace,
    Text(
        "can",
    ),
    Whitespace,
    Text(
        "have",
    ),
    Whitespace,
    Text(
        "mixed",
    ),
    Whitespace,
    Text(
        "content",
    ),
    Colon,
    Whitespace,
    Text(
        "The",
    ),
    Whitespace,
    Text(
        "quick",
    ),
    Whitespace,
    Text(
        "brown",
    ),
    Whitespace,
    Text(
        "fox",
    ),
    Whitespace,
    Text(
        "jumps",
    ),
    Whitespace,
    Text(
        "over",
    ),
    Whitespace,
    Text(
        "the",
    ),
    Whitespace,
    Text(
        "lazy",
    ),
    Whitespace,
    Text(
        "dog",
    ),
    Period,
    Whitespace,
    Number(
        "123",
    ),
    Whitespace,
    Text(
        "ABC",
    ),
    Whitespace,
    Text(
        "def!",
    ),
    Whitespace,
    Text(
        "{{paragraph}}",
    ),
    Newline,
    DocEnd,
]
