---
source: tests/lexer_proptest.rs
expression: tokens
---
[
    DocStart,
    Text(
        "Multiple",
    ),
    Whitespace,
    Text(
        "Sessions",
    ),
    Whitespace,
    Text(
        "Flat",
    ),
    Whitespace,
    Text(
        "Test",
    ),
    Whitespace,
    Text(
        "{{paragraph}}",
    ),
    Newline,
    Newline,
    Text(
        "This",
    ),
    Whitespace,
    Text(
        "document",
    ),
    Whitespace,
    Text(
        "tests",
    ),
    Whitespace,
    Text(
        "multiple",
    ),
    Whitespace,
    Text(
        "sessions",
    ),
    Whitespace,
    Text(
        "at",
    ),
    Whitespace,
    Text(
        "the",
    ),
    Whitespace,
    Text(
        "root",
    ),
    Whitespace,
    Text(
        "level",
    ),
    Whitespace,
    Text(
        "with",
    ),
    Whitespace,
    Text(
        "paragraphs",
    ),
    Whitespace,
    Text(
        "between",
    ),
    Whitespace,
    Text(
        "them",
    ),
    Period,
    Whitespace,
    Text(
        "{{paragraph}}",
    ),
    Newline,
    Newline,
    Number(
        "1",
    ),
    Period,
    Whitespace,
    Text(
        "First",
    ),
    Whitespace,
    Text(
        "Session",
    ),
    Whitespace,
    Text(
        "{{session",
    ),
    Dash,
    Text(
        "title}}",
    ),
    Newline,
    Newline,
    IndentLevel,
    Text(
        "This",
    ),
    Whitespace,
    Text(
        "is",
    ),
    Whitespace,
    Text(
        "the",
    ),
    Whitespace,
    Text(
        "content",
    ),
    Whitespace,
    Text(
        "of",
    ),
    Whitespace,
    Text(
        "the",
    ),
    Whitespace,
    Text(
        "first",
    ),
    Whitespace,
    Text(
        "session",
    ),
    Period,
    Whitespace,
    Text(
        "{{paragraph}}",
    ),
    Newline,
    Newline,
    Text(
        "It",
    ),
    Whitespace,
    Text(
        "can",
    ),
    Whitespace,
    Text(
        "have",
    ),
    Whitespace,
    Text(
        "multiple",
    ),
    Whitespace,
    Text(
        "paragraphs",
    ),
    Period,
    Whitespace,
    Text(
        "{{paragraph}}",
    ),
    Newline,
    Newline,
    DedentLevel,
    Number(
        "2",
    ),
    Period,
    Whitespace,
    Text(
        "Second",
    ),
    Whitespace,
    Text(
        "Session",
    ),
    Whitespace,
    Text(
        "{{session",
    ),
    Dash,
    Text(
        "title}}",
    ),
    Newline,
    Newline,
    IndentLevel,
    Text(
        "The",
    ),
    Whitespace,
    Text(
        "second",
    ),
    Whitespace,
    Text(
        "session",
    ),
    Whitespace,
    Text(
        "also",
    ),
    Whitespace,
    Text(
        "has",
    ),
    Whitespace,
    Text(
        "content",
    ),
    Period,
    Whitespace,
    Text(
        "{{paragraph}}",
    ),
    Newline,
    Newline,
    DedentLevel,
    Text(
        "A",
    ),
    Whitespace,
    Text(
        "paragraph",
    ),
    Whitespace,
    Text(
        "between",
    ),
    Whitespace,
    Text(
        "sessions",
    ),
    Period,
    Whitespace,
    Text(
        "{{paragraph}}",
    ),
    Newline,
    Newline,
    Number(
        "3",
    ),
    Period,
    Whitespace,
    Text(
        "Third",
    ),
    Whitespace,
    Text(
        "Session",
    ),
    Whitespace,
    Text(
        "{{session",
    ),
    Dash,
    Text(
        "title}}",
    ),
    Newline,
    Newline,
    IndentLevel,
    Text(
        "Sessions",
    ),
    Whitespace,
    Text(
        "can",
    ),
    Whitespace,
    Text(
        "have",
    ),
    Whitespace,
    Text(
        "different",
    ),
    Whitespace,
    Text(
        "amounts",
    ),
    Whitespace,
    Text(
        "of",
    ),
    Whitespace,
    Text(
        "content",
    ),
    Period,
    Whitespace,
    Text(
        "{{paragraph}}",
    ),
    Newline,
    Newline,
    DedentLevel,
    Text(
        "Another",
    ),
    Whitespace,
    Text(
        "paragraph",
    ),
    Period,
    Whitespace,
    Text(
        "{{paragraph}}",
    ),
    Newline,
    Newline,
    Number(
        "4",
    ),
    Period,
    Whitespace,
    Text(
        "Session",
    ),
    Whitespace,
    Text(
        "Without",
    ),
    Whitespace,
    Text(
        "Numbering",
    ),
    Whitespace,
    Text(
        "{{session",
    ),
    Dash,
    Text(
        "title}}",
    ),
    Newline,
    Newline,
    IndentLevel,
    Text(
        "Session",
    ),
    Whitespace,
    Text(
        "titles",
    ),
    Whitespace,
    Text(
        "don",
    ),
    Text(
        "t",
    ),
    Whitespace,
    Text(
        "require",
    ),
    Whitespace,
    Text(
        "numbering",
    ),
    Whitespace,
    Text(
        "markers",
    ),
    Period,
    Whitespace,
    Text(
        "{{session",
    ),
    Dash,
    Text(
        "title}}",
    ),
    Newline,
    Newline,
    IndentLevel,
    Text(
        "They",
    ),
    Whitespace,
    Text(
        "just",
    ),
    Whitespace,
    Text(
        "need",
    ),
    Whitespace,
    Text(
        "to",
    ),
    Whitespace,
    Text(
        "be",
    ),
    Whitespace,
    Text(
        "followed",
    ),
    Whitespace,
    Text(
        "by",
    ),
    Whitespace,
    Text(
        "a",
    ),
    Whitespace,
    Text(
        "blank",
    ),
    Whitespace,
    Text(
        "line",
    ),
    Whitespace,
    Text(
        "and",
    ),
    Whitespace,
    Text(
        "indented",
    ),
    Whitespace,
    Text(
        "content",
    ),
    Period,
    Whitespace,
    Text(
        "{{paragraph}}",
    ),
    Newline,
    Newline,
    DedentLevel,
    DedentLevel,
    Text(
        "Final",
    ),
    Whitespace,
    Text(
        "paragraph",
    ),
    Whitespace,
    Text(
        "at",
    ),
    Whitespace,
    Text(
        "the",
    ),
    Whitespace,
    Text(
        "root",
    ),
    Whitespace,
    Text(
        "level",
    ),
    Period,
    Whitespace,
    Text(
        "{{paragraph}}",
    ),
    Newline,
    DocEnd,
]
