---
source: tests/lexer_proptest.rs
expression: tokens
---
[
    Text,
    Whitespace,
    Text,
    Whitespace,
    Text,
    Whitespace,
    Text,
    Newline,
    Newline,
    Text,
    Whitespace,
    Text,
    Whitespace,
    Text,
    Whitespace,
    Text,
    Whitespace,
    Text,
    Whitespace,
    Text,
    Whitespace,
    Text,
    Whitespace,
    Text,
    Whitespace,
    Text,
    Period,
    Whitespace,
    Text,
    Newline,
    Newline,
    Text,
    Whitespace,
    Text,
    Whitespace,
    Text,
    Whitespace,
    Text,
    Dash,
    Text,
    Whitespace,
    Text,
    Period,
    Newline,
    Text,
    Whitespace,
    Text,
    Whitespace,
    Text,
    Whitespace,
    Text,
    Whitespace,
    Text,
    Whitespace,
    Text,
    Period,
    Newline,
    Text,
    Whitespace,
    Text,
    Whitespace,
    Text,
    Whitespace,
    Text,
    Whitespace,
    Text,
    Whitespace,
    Text,
    Period,
    Whitespace,
    Text,
    Newline,
    Newline,
    Text,
    Whitespace,
    Text,
    Whitespace,
    Text,
    Whitespace,
    Text,
    Whitespace,
    Text,
    Whitespace,
    Text,
    Whitespace,
    Text,
    Period,
    Whitespace,
    Text,
    Newline,
    Newline,
    Text,
    Whitespace,
    Text,
    Whitespace,
    Text,
    Whitespace,
    Text,
    Whitespace,
    Text,
    Whitespace,
    Text,
    Colon,
    Whitespace,
    Text,
    OpenParen,
    CloseParen,
    Text,
    Dash,
    Text,
    Colon,
    Text,
    Period,
    Text,
    Whitespace,
    Text,
    Newline,
    Newline,
    Text,
    Whitespace,
    Text,
    Whitespace,
    Text,
    Whitespace,
    Text,
    Colon,
    Whitespace,
    Text,
    Whitespace,
    Text,
    Whitespace,
    Text,
    Whitespace,
    Text,
    Newline,
    Newline,
    Text,
    Whitespace,
    Text,
    Whitespace,
    Text,
    Whitespace,
    Text,
    Whitespace,
    Text,
    Whitespace,
    Text,
    Colon,
    Whitespace,
    Text,
    Whitespace,
    Text,
    Whitespace,
    Text,
    Whitespace,
    Text,
    Whitespace,
    Text,
    Whitespace,
    Text,
    Whitespace,
    Text,
    Whitespace,
    Text,
    Whitespace,
    Text,
    Period,
    Whitespace,
    Text,
    Whitespace,
    Text,
    Whitespace,
    Text,
    Whitespace,
    Text,
    Newline,
]
