---
source: tests/lexer_proptest.rs
expression: tokens
---
[
    Text,
    Whitespace,
    Text,
    Whitespace,
    Text,
    Whitespace,
    Text,
    Newline,
    Newline,
    Text,
    Whitespace,
    Text,
    Whitespace,
    Text,
    Whitespace,
    Text,
    Whitespace,
    Text,
    Whitespace,
    Text,
    Whitespace,
    Text,
    Whitespace,
    Text,
    Whitespace,
    Text,
    Period,
    Whitespace,
    Text,
    Newline,
    Newline,
    Number,
    Period,
    Whitespace,
    Text,
    Whitespace,
    Text,
    Whitespace,
    Text,
    Dash,
    Text,
    Newline,
    Newline,
    IndentLevel,
    Text,
    Whitespace,
    Text,
    Whitespace,
    Text,
    Whitespace,
    Text,
    Whitespace,
    Text,
    Whitespace,
    Text,
    Whitespace,
    Text,
    Whitespace,
    Text,
    Period,
    Whitespace,
    Text,
    Newline,
    DedentLevel,
    Newline,
    IndentLevel,
    Number,
    Period,
    Number,
    Period,
    Whitespace,
    Text,
    Whitespace,
    Text,
    Dash,
    Text,
    Whitespace,
    Text,
    Dash,
    Text,
    Newline,
    DedentLevel,
    Newline,
    IndentLevel,
    IndentLevel,
    Text,
    Whitespace,
    Text,
    Whitespace,
    Text,
    Whitespace,
    Text,
    Whitespace,
    Text,
    Whitespace,
    Text,
    Whitespace,
    Text,
    Whitespace,
    Text,
    Period,
    Whitespace,
    Text,
    Newline,
    DedentLevel,
    DedentLevel,
    Newline,
    IndentLevel,
    IndentLevel,
    Text,
    Whitespace,
    Text,
    Whitespace,
    Text,
    Whitespace,
    Text,
    Whitespace,
    Text,
    Period,
    Whitespace,
    Text,
    Newline,
    DedentLevel,
    DedentLevel,
    Newline,
    IndentLevel,
    Number,
    Period,
    Number,
    Period,
    Whitespace,
    Text,
    Whitespace,
    Text,
    Dash,
    Text,
    Whitespace,
    Text,
    Dash,
    Text,
    Newline,
    DedentLevel,
    Newline,
    IndentLevel,
    IndentLevel,
    Text,
    Whitespace,
    Text,
    Dash,
    Text,
    Whitespace,
    Text,
    Whitespace,
    Text,
    Whitespace,
    Text,
    Whitespace,
    Text,
    Period,
    Whitespace,
    Text,
    Newline,
    DedentLevel,
    DedentLevel,
    Newline,
    IndentLevel,
    IndentLevel,
    Number,
    Period,
    Number,
    Period,
    Number,
    Period,
    Whitespace,
    Text,
    Whitespace,
    Text,
    Whitespace,
    Text,
    Whitespace,
    Text,
    Dash,
    Text,
    Newline,
    DedentLevel,
    DedentLevel,
    Newline,
    IndentLevel,
    IndentLevel,
    IndentLevel,
    Text,
    Whitespace,
    Text,
    Whitespace,
    Text,
    Whitespace,
    Text,
    Whitespace,
    Text,
    Whitespace,
    Text,
    Whitespace,
    Text,
    Whitespace,
    Text,
    Period,
    Whitespace,
    Text,
    Newline,
    DedentLevel,
    DedentLevel,
    DedentLevel,
    Newline,
    IndentLevel,
    IndentLevel,
    IndentLevel,
    Text,
    Whitespace,
    Text,
    Whitespace,
    Text,
    Whitespace,
    Text,
    Whitespace,
    Text,
    Whitespace,
    Text,
    Period,
    Whitespace,
    Text,
    Newline,
    DedentLevel,
    DedentLevel,
    DedentLevel,
    Newline,
    IndentLevel,
    Text,
    Whitespace,
    Text,
    Whitespace,
    Text,
    Whitespace,
    Text,
    Whitespace,
    Text,
    Whitespace,
    Text,
    Period,
    Whitespace,
    Text,
    Newline,
    DedentLevel,
    Newline,
    Number,
    Period,
    Whitespace,
    Text,
    Whitespace,
    Text,
    Whitespace,
    Text,
    Whitespace,
    Text,
    Dash,
    Text,
    Newline,
    Newline,
    IndentLevel,
    Text,
    Whitespace,
    Text,
    Whitespace,
    Text,
    Whitespace,
    Text,
    Whitespace,
    Text,
    Whitespace,
    Text,
    Whitespace,
    Text,
    Whitespace,
    Text,
    Whitespace,
    Text,
    Whitespace,
    Text,
    Whitespace,
    Text,
    Period,
    Whitespace,
    Text,
    Newline,
    DedentLevel,
    Newline,
    IndentLevel,
    Number,
    Period,
    Number,
    Period,
    Whitespace,
    Text,
    Whitespace,
    Text,
    Dash,
    Text,
    Whitespace,
    Text,
    Dash,
    Text,
    Newline,
    DedentLevel,
    Newline,
    IndentLevel,
    IndentLevel,
    Text,
    Dash,
    Text,
    Whitespace,
    Text,
    Whitespace,
    Text,
    Whitespace,
    Text,
    Whitespace,
    Text,
    Whitespace,
    Text,
    Period,
    Whitespace,
    Text,
    Newline,
    DedentLevel,
    DedentLevel,
    Newline,
    Text,
    Whitespace,
    Text,
    Whitespace,
    Text,
    Whitespace,
    Text,
    Whitespace,
    Text,
    Whitespace,
    Text,
    Period,
    Whitespace,
    Text,
    Newline,
    DedentLevel,
]
