---
source: tests/lexer_samples.rs
expression: tokens
---
[
    (
        Text(
            "Nested",
        ),
        0..6,
    ),
    (
        Whitespace,
        6..7,
    ),
    (
        Text(
            "Sessions",
        ),
        7..15,
    ),
    (
        Whitespace,
        15..16,
    ),
    (
        Text(
            "Test",
        ),
        16..20,
    ),
    (
        Whitespace,
        20..21,
    ),
    (
        Text(
            "{{paragraph}}",
        ),
        21..34,
    ),
    (
        Newline,
        34..35,
    ),
    (
        BlankLine(
            [
                (
                    Newline,
                    35..36,
                ),
            ],
        ),
        0..0,
    ),
    (
        Text(
            "This",
        ),
        36..40,
    ),
    (
        Whitespace,
        40..41,
    ),
    (
        Text(
            "document",
        ),
        41..49,
    ),
    (
        Whitespace,
        49..50,
    ),
    (
        Text(
            "tests",
        ),
        50..55,
    ),
    (
        Whitespace,
        55..56,
    ),
    (
        Text(
            "sessions",
        ),
        56..64,
    ),
    (
        Whitespace,
        64..65,
    ),
    (
        Text(
            "with",
        ),
        65..69,
    ),
    (
        Whitespace,
        69..70,
    ),
    (
        Text(
            "nesting",
        ),
        70..77,
    ),
    (
        Whitespace,
        77..78,
    ),
    (
        Text(
            "at",
        ),
        78..80,
    ),
    (
        Whitespace,
        80..81,
    ),
    (
        Text(
            "various",
        ),
        81..88,
    ),
    (
        Whitespace,
        88..89,
    ),
    (
        Text(
            "levels",
        ),
        89..95,
    ),
    (
        Period,
        95..96,
    ),
    (
        Whitespace,
        96..97,
    ),
    (
        Text(
            "{{paragraph}}",
        ),
        97..110,
    ),
    (
        Newline,
        110..111,
    ),
    (
        BlankLine(
            [
                (
                    Newline,
                    111..112,
                ),
            ],
        ),
        0..0,
    ),
    (
        Number(
            "1",
        ),
        112..113,
    ),
    (
        Period,
        113..114,
    ),
    (
        Whitespace,
        114..115,
    ),
    (
        Text(
            "Root",
        ),
        115..119,
    ),
    (
        Whitespace,
        119..120,
    ),
    (
        Text(
            "Session",
        ),
        120..127,
    ),
    (
        Whitespace,
        127..128,
    ),
    (
        Text(
            "{{session",
        ),
        128..137,
    ),
    (
        Dash,
        137..138,
    ),
    (
        Text(
            "title}}",
        ),
        138..145,
    ),
    (
        Newline,
        145..146,
    ),
    (
        BlankLine(
            [
                (
                    Newline,
                    146..147,
                ),
            ],
        ),
        0..0,
    ),
    (
        Indent(
            [
                (
                    Indentation,
                    147..151,
                ),
            ],
        ),
        0..0,
    ),
    (
        Text(
            "This",
        ),
        151..155,
    ),
    (
        Whitespace,
        155..156,
    ),
    (
        Text(
            "is",
        ),
        156..158,
    ),
    (
        Whitespace,
        158..159,
    ),
    (
        Text(
            "content",
        ),
        159..166,
    ),
    (
        Whitespace,
        166..167,
    ),
    (
        Text(
            "at",
        ),
        167..169,
    ),
    (
        Whitespace,
        169..170,
    ),
    (
        Text(
            "the",
        ),
        170..173,
    ),
    (
        Whitespace,
        173..174,
    ),
    (
        Text(
            "first",
        ),
        174..179,
    ),
    (
        Whitespace,
        179..180,
    ),
    (
        Text(
            "nesting",
        ),
        180..187,
    ),
    (
        Whitespace,
        187..188,
    ),
    (
        Text(
            "level",
        ),
        188..193,
    ),
    (
        Period,
        193..194,
    ),
    (
        Whitespace,
        194..195,
    ),
    (
        Text(
            "{{paragraph}}",
        ),
        195..208,
    ),
    (
        Newline,
        208..209,
    ),
    (
        BlankLine(
            [
                (
                    Newline,
                    209..210,
                ),
            ],
        ),
        0..0,
    ),
    (
        Number(
            "1",
        ),
        214..215,
    ),
    (
        Period,
        215..216,
    ),
    (
        Number(
            "1",
        ),
        216..217,
    ),
    (
        Period,
        217..218,
    ),
    (
        Whitespace,
        218..219,
    ),
    (
        Text(
            "First",
        ),
        219..224,
    ),
    (
        Whitespace,
        224..225,
    ),
    (
        Text(
            "Sub",
        ),
        225..228,
    ),
    (
        Dash,
        228..229,
    ),
    (
        Text(
            "session",
        ),
        229..236,
    ),
    (
        Whitespace,
        236..237,
    ),
    (
        Text(
            "{{session",
        ),
        237..246,
    ),
    (
        Dash,
        246..247,
    ),
    (
        Text(
            "title}}",
        ),
        247..254,
    ),
    (
        Newline,
        254..255,
    ),
    (
        BlankLine(
            [
                (
                    Newline,
                    255..256,
                ),
            ],
        ),
        0..0,
    ),
    (
        Indent(
            [
                (
                    Indentation,
                    260..264,
                ),
            ],
        ),
        0..0,
    ),
    (
        Text(
            "This",
        ),
        264..268,
    ),
    (
        Whitespace,
        268..269,
    ),
    (
        Text(
            "is",
        ),
        269..271,
    ),
    (
        Whitespace,
        271..272,
    ),
    (
        Text(
            "content",
        ),
        272..279,
    ),
    (
        Whitespace,
        279..280,
    ),
    (
        Text(
            "at",
        ),
        280..282,
    ),
    (
        Whitespace,
        282..283,
    ),
    (
        Text(
            "the",
        ),
        283..286,
    ),
    (
        Whitespace,
        286..287,
    ),
    (
        Text(
            "second",
        ),
        287..293,
    ),
    (
        Whitespace,
        293..294,
    ),
    (
        Text(
            "nesting",
        ),
        294..301,
    ),
    (
        Whitespace,
        301..302,
    ),
    (
        Text(
            "level",
        ),
        302..307,
    ),
    (
        Period,
        307..308,
    ),
    (
        Whitespace,
        308..309,
    ),
    (
        Text(
            "{{paragraph}}",
        ),
        309..322,
    ),
    (
        Newline,
        322..323,
    ),
    (
        BlankLine(
            [
                (
                    Newline,
                    323..324,
                ),
            ],
        ),
        0..0,
    ),
    (
        Text(
            "It",
        ),
        332..334,
    ),
    (
        Whitespace,
        334..335,
    ),
    (
        Text(
            "can",
        ),
        335..338,
    ),
    (
        Whitespace,
        338..339,
    ),
    (
        Text(
            "have",
        ),
        339..343,
    ),
    (
        Whitespace,
        343..344,
    ),
    (
        Text(
            "multiple",
        ),
        344..352,
    ),
    (
        Whitespace,
        352..353,
    ),
    (
        Text(
            "paragraphs",
        ),
        353..363,
    ),
    (
        Period,
        363..364,
    ),
    (
        Whitespace,
        364..365,
    ),
    (
        Text(
            "{{paragraph}}",
        ),
        365..378,
    ),
    (
        Newline,
        378..379,
    ),
    (
        BlankLine(
            [
                (
                    Newline,
                    379..380,
                ),
            ],
        ),
        0..0,
    ),
    (
        Dedent(
            [],
        ),
        0..0,
    ),
    (
        Number(
            "1",
        ),
        384..385,
    ),
    (
        Period,
        385..386,
    ),
    (
        Number(
            "2",
        ),
        386..387,
    ),
    (
        Period,
        387..388,
    ),
    (
        Whitespace,
        388..389,
    ),
    (
        Text(
            "Second",
        ),
        389..395,
    ),
    (
        Whitespace,
        395..396,
    ),
    (
        Text(
            "Sub",
        ),
        396..399,
    ),
    (
        Dash,
        399..400,
    ),
    (
        Text(
            "session",
        ),
        400..407,
    ),
    (
        Whitespace,
        407..408,
    ),
    (
        Text(
            "{{session",
        ),
        408..417,
    ),
    (
        Dash,
        417..418,
    ),
    (
        Text(
            "title}}",
        ),
        418..425,
    ),
    (
        Newline,
        425..426,
    ),
    (
        BlankLine(
            [
                (
                    Newline,
                    426..427,
                ),
            ],
        ),
        0..0,
    ),
    (
        Indent(
            [
                (
                    Indentation,
                    431..435,
                ),
            ],
        ),
        0..0,
    ),
    (
        Text(
            "Another",
        ),
        435..442,
    ),
    (
        Whitespace,
        442..443,
    ),
    (
        Text(
            "sub",
        ),
        443..446,
    ),
    (
        Dash,
        446..447,
    ),
    (
        Text(
            "session",
        ),
        447..454,
    ),
    (
        Whitespace,
        454..455,
    ),
    (
        Text(
            "at",
        ),
        455..457,
    ),
    (
        Whitespace,
        457..458,
    ),
    (
        Text(
            "the",
        ),
        458..461,
    ),
    (
        Whitespace,
        461..462,
    ),
    (
        Text(
            "same",
        ),
        462..466,
    ),
    (
        Whitespace,
        466..467,
    ),
    (
        Text(
            "level",
        ),
        467..472,
    ),
    (
        Period,
        472..473,
    ),
    (
        Whitespace,
        473..474,
    ),
    (
        Text(
            "{{paragraph}}",
        ),
        474..487,
    ),
    (
        Newline,
        487..488,
    ),
    (
        BlankLine(
            [
                (
                    Newline,
                    488..489,
                ),
            ],
        ),
        0..0,
    ),
    (
        Number(
            "1",
        ),
        497..498,
    ),
    (
        Period,
        498..499,
    ),
    (
        Number(
            "2",
        ),
        499..500,
    ),
    (
        Period,
        500..501,
    ),
    (
        Number(
            "1",
        ),
        501..502,
    ),
    (
        Period,
        502..503,
    ),
    (
        Whitespace,
        503..504,
    ),
    (
        Text(
            "Deeply",
        ),
        504..510,
    ),
    (
        Whitespace,
        510..511,
    ),
    (
        Text(
            "Nested",
        ),
        511..517,
    ),
    (
        Whitespace,
        517..518,
    ),
    (
        Text(
            "Session",
        ),
        518..525,
    ),
    (
        Whitespace,
        525..526,
    ),
    (
        Text(
            "{{session",
        ),
        526..535,
    ),
    (
        Dash,
        535..536,
    ),
    (
        Text(
            "title}}",
        ),
        536..543,
    ),
    (
        Newline,
        543..544,
    ),
    (
        BlankLine(
            [
                (
                    Newline,
                    544..545,
                ),
            ],
        ),
        0..0,
    ),
    (
        Indent(
            [
                (
                    Indentation,
                    553..557,
                ),
            ],
        ),
        0..0,
    ),
    (
        Text(
            "This",
        ),
        557..561,
    ),
    (
        Whitespace,
        561..562,
    ),
    (
        Text(
            "is",
        ),
        562..564,
    ),
    (
        Whitespace,
        564..565,
    ),
    (
        Text(
            "content",
        ),
        565..572,
    ),
    (
        Whitespace,
        572..573,
    ),
    (
        Text(
            "at",
        ),
        573..575,
    ),
    (
        Whitespace,
        575..576,
    ),
    (
        Text(
            "the",
        ),
        576..579,
    ),
    (
        Whitespace,
        579..580,
    ),
    (
        Text(
            "third",
        ),
        580..585,
    ),
    (
        Whitespace,
        585..586,
    ),
    (
        Text(
            "nesting",
        ),
        586..593,
    ),
    (
        Whitespace,
        593..594,
    ),
    (
        Text(
            "level",
        ),
        594..599,
    ),
    (
        Period,
        599..600,
    ),
    (
        Whitespace,
        600..601,
    ),
    (
        Text(
            "{{paragraph}}",
        ),
        601..614,
    ),
    (
        Newline,
        614..615,
    ),
    (
        BlankLine(
            [
                (
                    Newline,
                    615..616,
                ),
            ],
        ),
        0..0,
    ),
    (
        Text(
            "Sessions",
        ),
        628..636,
    ),
    (
        Whitespace,
        636..637,
    ),
    (
        Text(
            "can",
        ),
        637..640,
    ),
    (
        Whitespace,
        640..641,
    ),
    (
        Text(
            "be",
        ),
        641..643,
    ),
    (
        Whitespace,
        643..644,
    ),
    (
        Text(
            "nested",
        ),
        644..650,
    ),
    (
        Whitespace,
        650..651,
    ),
    (
        Text(
            "arbitrarily",
        ),
        651..662,
    ),
    (
        Whitespace,
        662..663,
    ),
    (
        Text(
            "deep",
        ),
        663..667,
    ),
    (
        Period,
        667..668,
    ),
    (
        Whitespace,
        668..669,
    ),
    (
        Text(
            "{{paragraph}}",
        ),
        669..682,
    ),
    (
        Newline,
        682..683,
    ),
    (
        BlankLine(
            [
                (
                    Newline,
                    683..684,
                ),
            ],
        ),
        0..0,
    ),
    (
        Dedent(
            [],
        ),
        0..0,
    ),
    (
        Dedent(
            [],
        ),
        0..0,
    ),
    (
        Text(
            "Back",
        ),
        688..692,
    ),
    (
        Whitespace,
        692..693,
    ),
    (
        Text(
            "to",
        ),
        693..695,
    ),
    (
        Whitespace,
        695..696,
    ),
    (
        Text(
            "the",
        ),
        696..699,
    ),
    (
        Whitespace,
        699..700,
    ),
    (
        Text(
            "first",
        ),
        700..705,
    ),
    (
        Whitespace,
        705..706,
    ),
    (
        Text(
            "nesting",
        ),
        706..713,
    ),
    (
        Whitespace,
        713..714,
    ),
    (
        Text(
            "level",
        ),
        714..719,
    ),
    (
        Period,
        719..720,
    ),
    (
        Whitespace,
        720..721,
    ),
    (
        Text(
            "{{paragraph}}",
        ),
        721..734,
    ),
    (
        Newline,
        734..735,
    ),
    (
        BlankLine(
            [
                (
                    Newline,
                    735..736,
                ),
            ],
        ),
        0..0,
    ),
    (
        Dedent(
            [],
        ),
        0..0,
    ),
    (
        Number(
            "2",
        ),
        736..737,
    ),
    (
        Period,
        737..738,
    ),
    (
        Whitespace,
        738..739,
    ),
    (
        Text(
            "Another",
        ),
        739..746,
    ),
    (
        Whitespace,
        746..747,
    ),
    (
        Text(
            "Root",
        ),
        747..751,
    ),
    (
        Whitespace,
        751..752,
    ),
    (
        Text(
            "Session",
        ),
        752..759,
    ),
    (
        Whitespace,
        759..760,
    ),
    (
        Text(
            "{{session",
        ),
        760..769,
    ),
    (
        Dash,
        769..770,
    ),
    (
        Text(
            "title}}",
        ),
        770..777,
    ),
    (
        Newline,
        777..778,
    ),
    (
        BlankLine(
            [
                (
                    Newline,
                    778..779,
                ),
            ],
        ),
        0..0,
    ),
    (
        Indent(
            [
                (
                    Indentation,
                    779..783,
                ),
            ],
        ),
        0..0,
    ),
    (
        Text(
            "This",
        ),
        783..787,
    ),
    (
        Whitespace,
        787..788,
    ),
    (
        Text(
            "session",
        ),
        788..795,
    ),
    (
        Whitespace,
        795..796,
    ),
    (
        Text(
            "is",
        ),
        796..798,
    ),
    (
        Whitespace,
        798..799,
    ),
    (
        Text(
            "at",
        ),
        799..801,
    ),
    (
        Whitespace,
        801..802,
    ),
    (
        Text(
            "the",
        ),
        802..805,
    ),
    (
        Whitespace,
        805..806,
    ),
    (
        Text(
            "root",
        ),
        806..810,
    ),
    (
        Whitespace,
        810..811,
    ),
    (
        Text(
            "level",
        ),
        811..816,
    ),
    (
        Whitespace,
        816..817,
    ),
    (
        Text(
            "alongside",
        ),
        817..826,
    ),
    (
        Whitespace,
        826..827,
    ),
    (
        Text(
            "the",
        ),
        827..830,
    ),
    (
        Whitespace,
        830..831,
    ),
    (
        Text(
            "first",
        ),
        831..836,
    ),
    (
        Whitespace,
        836..837,
    ),
    (
        Text(
            "one",
        ),
        837..840,
    ),
    (
        Period,
        840..841,
    ),
    (
        Whitespace,
        841..842,
    ),
    (
        Text(
            "{{paragraph}}",
        ),
        842..855,
    ),
    (
        Newline,
        855..856,
    ),
    (
        BlankLine(
            [
                (
                    Newline,
                    856..857,
                ),
            ],
        ),
        0..0,
    ),
    (
        Number(
            "2",
        ),
        861..862,
    ),
    (
        Period,
        862..863,
    ),
    (
        Number(
            "1",
        ),
        863..864,
    ),
    (
        Period,
        864..865,
    ),
    (
        Whitespace,
        865..866,
    ),
    (
        Text(
            "Its",
        ),
        866..869,
    ),
    (
        Whitespace,
        869..870,
    ),
    (
        Text(
            "Sub",
        ),
        870..873,
    ),
    (
        Dash,
        873..874,
    ),
    (
        Text(
            "session",
        ),
        874..881,
    ),
    (
        Whitespace,
        881..882,
    ),
    (
        Text(
            "{{session",
        ),
        882..891,
    ),
    (
        Dash,
        891..892,
    ),
    (
        Text(
            "title}}",
        ),
        892..899,
    ),
    (
        Newline,
        899..900,
    ),
    (
        BlankLine(
            [
                (
                    Newline,
                    900..901,
                ),
            ],
        ),
        0..0,
    ),
    (
        Indent(
            [
                (
                    Indentation,
                    905..909,
                ),
            ],
        ),
        0..0,
    ),
    (
        Text(
            "Sub",
        ),
        909..912,
    ),
    (
        Dash,
        912..913,
    ),
    (
        Text(
            "sessions",
        ),
        913..921,
    ),
    (
        Whitespace,
        921..922,
    ),
    (
        Text(
            "can",
        ),
        922..925,
    ),
    (
        Whitespace,
        925..926,
    ),
    (
        Text(
            "have",
        ),
        926..930,
    ),
    (
        Whitespace,
        930..931,
    ),
    (
        Text(
            "different",
        ),
        931..940,
    ),
    (
        Whitespace,
        940..941,
    ),
    (
        Text(
            "numbering",
        ),
        941..950,
    ),
    (
        Whitespace,
        950..951,
    ),
    (
        Text(
            "schemes",
        ),
        951..958,
    ),
    (
        Period,
        958..959,
    ),
    (
        Whitespace,
        959..960,
    ),
    (
        Text(
            "{{paragraph}}",
        ),
        960..973,
    ),
    (
        Newline,
        973..974,
    ),
    (
        BlankLine(
            [
                (
                    Newline,
                    974..975,
                ),
            ],
        ),
        0..0,
    ),
    (
        Dedent(
            [],
        ),
        0..0,
    ),
    (
        Dedent(
            [],
        ),
        0..0,
    ),
    (
        Text(
            "Final",
        ),
        975..980,
    ),
    (
        Whitespace,
        980..981,
    ),
    (
        Text(
            "paragraph",
        ),
        981..990,
    ),
    (
        Whitespace,
        990..991,
    ),
    (
        Text(
            "at",
        ),
        991..993,
    ),
    (
        Whitespace,
        993..994,
    ),
    (
        Text(
            "the",
        ),
        994..997,
    ),
    (
        Whitespace,
        997..998,
    ),
    (
        Text(
            "root",
        ),
        998..1002,
    ),
    (
        Whitespace,
        1002..1003,
    ),
    (
        Text(
            "level",
        ),
        1003..1008,
    ),
    (
        Period,
        1008..1009,
    ),
    (
        Whitespace,
        1009..1010,
    ),
    (
        Text(
            "{{paragraph}}",
        ),
        1010..1023,
    ),
    (
        Newline,
        1023..1024,
    ),
]
