---
source: tests/lexer_proptest.rs
expression: tokens
---
[
    DocStart,
    Text(
        "Trifecta",
    ),
    Whitespace,
    Text(
        "Nesting",
    ),
    Whitespace,
    Text(
        "Test",
    ),
    Whitespace,
    Text(
        "{{paragraph}}",
    ),
    Newline,
    BlankLine,
    Text(
        "This",
    ),
    Whitespace,
    Text(
        "document",
    ),
    Whitespace,
    Text(
        "tests",
    ),
    Whitespace,
    Text(
        "the",
    ),
    Whitespace,
    Text(
        "combination",
    ),
    Whitespace,
    Text(
        "of",
    ),
    Whitespace,
    Text(
        "all",
    ),
    Whitespace,
    Text(
        "three",
    ),
    Whitespace,
    Text(
        "core",
    ),
    Whitespace,
    Text(
        "elements",
    ),
    Whitespace,
    OpenParen,
    Text(
        "sessions",
    ),
    Comma,
    Whitespace,
    Text(
        "paragraphs",
    ),
    Comma,
    Whitespace,
    Text(
        "lists",
    ),
    CloseParen,
    Whitespace,
    Text(
        "with",
    ),
    Whitespace,
    Text(
        "various",
    ),
    Whitespace,
    Text(
        "levels",
    ),
    Whitespace,
    Text(
        "of",
    ),
    Whitespace,
    Text(
        "nesting",
    ),
    Period,
    Whitespace,
    Text(
        "{{paragraph}}",
    ),
    Newline,
    BlankLine,
    Number(
        "1",
    ),
    Period,
    Whitespace,
    Text(
        "Root",
    ),
    Whitespace,
    Text(
        "Session",
    ),
    Whitespace,
    Text(
        "{{session",
    ),
    Dash,
    Text(
        "title}}",
    ),
    Newline,
    BlankLine,
    IndentLevel,
    Text(
        "This",
    ),
    Whitespace,
    Text(
        "root",
    ),
    Whitespace,
    Text(
        "session",
    ),
    Whitespace,
    Text(
        "contains",
    ),
    Whitespace,
    Text(
        "various",
    ),
    Whitespace,
    Text(
        "nested",
    ),
    Whitespace,
    Text(
        "elements",
    ),
    Period,
    Whitespace,
    Text(
        "{{paragraph}}",
    ),
    Newline,
    BlankLine,
    Number(
        "1",
    ),
    Period,
    Number(
        "1",
    ),
    Period,
    Whitespace,
    Text(
        "Sub",
    ),
    Dash,
    Text(
        "session",
    ),
    Whitespace,
    Text(
        "with",
    ),
    Whitespace,
    Text(
        "Paragraph",
    ),
    Whitespace,
    Text(
        "{{session",
    ),
    Dash,
    Text(
        "title}}",
    ),
    Newline,
    BlankLine,
    IndentLevel,
    Text(
        "This",
    ),
    Whitespace,
    Text(
        "sub",
    ),
    Dash,
    Text(
        "session",
    ),
    Whitespace,
    Text(
        "starts",
    ),
    Whitespace,
    Text(
        "with",
    ),
    Whitespace,
    Text(
        "a",
    ),
    Whitespace,
    Text(
        "paragraph",
    ),
    Period,
    Whitespace,
    Text(
        "{{paragraph}}",
    ),
    Newline,
    BlankLine,
    Dash,
    Whitespace,
    Text(
        "Then",
    ),
    Whitespace,
    Text(
        "has",
    ),
    Whitespace,
    Text(
        "a",
    ),
    Whitespace,
    Text(
        "list",
    ),
    Whitespace,
    Text(
        "{{list",
    ),
    Dash,
    Text(
        "item}}",
    ),
    Newline,
    Dash,
    Whitespace,
    Text(
        "With",
    ),
    Whitespace,
    Text(
        "multiple",
    ),
    Whitespace,
    Text(
        "items",
    ),
    Whitespace,
    Text(
        "{{list",
    ),
    Dash,
    Text(
        "item}}",
    ),
    Newline,
    BlankLine,
    DedentLevel,
    Number(
        "1",
    ),
    Period,
    Number(
        "2",
    ),
    Period,
    Whitespace,
    Text(
        "Sub",
    ),
    Dash,
    Text(
        "session",
    ),
    Whitespace,
    Text(
        "with",
    ),
    Whitespace,
    Text(
        "List",
    ),
    Whitespace,
    Text(
        "{{session",
    ),
    Dash,
    Text(
        "title}}",
    ),
    Newline,
    BlankLine,
    IndentLevel,
    Dash,
    Whitespace,
    Text(
        "Starts",
    ),
    Whitespace,
    Text(
        "with",
    ),
    Whitespace,
    Text(
        "a",
    ),
    Whitespace,
    Text(
        "list",
    ),
    Whitespace,
    Text(
        "{{list",
    ),
    Dash,
    Text(
        "item}}",
    ),
    Newline,
    Dash,
    Whitespace,
    Text(
        "Has",
    ),
    Whitespace,
    Text(
        "multiple",
    ),
    Whitespace,
    Text(
        "items",
    ),
    Whitespace,
    Text(
        "{{list",
    ),
    Dash,
    Text(
        "item}}",
    ),
    Newline,
    BlankLine,
    Text(
        "Then",
    ),
    Whitespace,
    Text(
        "has",
    ),
    Whitespace,
    Text(
        "a",
    ),
    Whitespace,
    Text(
        "paragraph",
    ),
    Period,
    Whitespace,
    Text(
        "{{paragraph}}",
    ),
    Newline,
    BlankLine,
    Number(
        "1",
    ),
    Period,
    Number(
        "2",
    ),
    Period,
    Number(
        "1",
    ),
    Period,
    Whitespace,
    Text(
        "Deeply",
    ),
    Whitespace,
    Text(
        "Nested",
    ),
    Whitespace,
    Text(
        "Session",
    ),
    Whitespace,
    Text(
        "{{session",
    ),
    Dash,
    Text(
        "title}}",
    ),
    Newline,
    BlankLine,
    IndentLevel,
    Text(
        "This",
    ),
    Whitespace,
    Text(
        "is",
    ),
    Whitespace,
    Text(
        "a",
    ),
    Whitespace,
    Text(
        "deeply",
    ),
    Whitespace,
    Text(
        "nested",
    ),
    Whitespace,
    Text(
        "session",
    ),
    Period,
    Whitespace,
    Text(
        "{{paragraph}}",
    ),
    Newline,
    BlankLine,
    Dash,
    Whitespace,
    Text(
        "With",
    ),
    Whitespace,
    Text(
        "its",
    ),
    Whitespace,
    Text(
        "own",
    ),
    Whitespace,
    Text(
        "list",
    ),
    Whitespace,
    Text(
        "{{list",
    ),
    Dash,
    Text(
        "item}}",
    ),
    Newline,
    Dash,
    Whitespace,
    Text(
        "And",
    ),
    Whitespace,
    Text(
        "multiple",
    ),
    Whitespace,
    Text(
        "items",
    ),
    Whitespace,
    Text(
        "{{list",
    ),
    Dash,
    Text(
        "item}}",
    ),
    Newline,
    BlankLine,
    Dash,
    Whitespace,
    Text(
        "Another",
    ),
    Whitespace,
    Text(
        "list",
    ),
    Whitespace,
    Text(
        "follows",
    ),
    Whitespace,
    Text(
        "{{list",
    ),
    Dash,
    Text(
        "item}}",
    ),
    Newline,
    Dash,
    Whitespace,
    Text(
        "In",
    ),
    Whitespace,
    Text(
        "the",
    ),
    Whitespace,
    Text(
        "same",
    ),
    Whitespace,
    Text(
        "session",
    ),
    Whitespace,
    Text(
        "{{list",
    ),
    Dash,
    Text(
        "item}}",
    ),
    Newline,
    BlankLine,
    DedentLevel,
    DedentLevel,
    Text(
        "Back",
    ),
    Whitespace,
    Text(
        "to",
    ),
    Whitespace,
    Text(
        "the",
    ),
    Whitespace,
    Text(
        "root",
    ),
    Whitespace,
    Text(
        "session",
    ),
    Whitespace,
    Text(
        "level",
    ),
    Period,
    Whitespace,
    Text(
        "{{paragraph}}",
    ),
    Newline,
    BlankLine,
    Dash,
    Whitespace,
    Text(
        "Root",
    ),
    Whitespace,
    Text(
        "session",
    ),
    Whitespace,
    Text(
        "can",
    ),
    Whitespace,
    Text(
        "also",
    ),
    Whitespace,
    Text(
        "have",
    ),
    Whitespace,
    Text(
        "lists",
    ),
    Whitespace,
    Text(
        "{{list",
    ),
    Dash,
    Text(
        "item}}",
    ),
    Newline,
    Dash,
    Whitespace,
    Text(
        "At",
    ),
    Whitespace,
    Text(
        "its",
    ),
    Whitespace,
    Text(
        "own",
    ),
    Whitespace,
    Text(
        "level",
    ),
    Whitespace,
    Text(
        "{{list",
    ),
    Dash,
    Text(
        "item}}",
    ),
    Newline,
    BlankLine,
    DedentLevel,
    Number(
        "2",
    ),
    Period,
    Whitespace,
    Text(
        "Another",
    ),
    Whitespace,
    Text(
        "Root",
    ),
    Whitespace,
    Text(
        "Session",
    ),
    Whitespace,
    Text(
        "{{session",
    ),
    Dash,
    Text(
        "title}}",
    ),
    Newline,
    BlankLine,
    IndentLevel,
    Text(
        "This",
    ),
    Whitespace,
    Text(
        "session",
    ),
    Whitespace,
    Text(
        "demonstrates",
    ),
    Whitespace,
    Text(
        "different",
    ),
    Whitespace,
    Text(
        "nesting",
    ),
    Whitespace,
    Text(
        "patterns",
    ),
    Period,
    Whitespace,
    Text(
        "{{paragraph}}",
    ),
    Newline,
    BlankLine,
    Number(
        "2",
    ),
    Period,
    Number(
        "1",
    ),
    Period,
    Whitespace,
    Text(
        "Mixed",
    ),
    Whitespace,
    Text(
        "Content",
    ),
    Whitespace,
    Text(
        "Sub",
    ),
    Dash,
    Text(
        "session",
    ),
    Whitespace,
    Text(
        "{{session",
    ),
    Dash,
    Text(
        "title}}",
    ),
    Newline,
    BlankLine,
    IndentLevel,
    Dash,
    Whitespace,
    Text(
        "Starts",
    ),
    Whitespace,
    Text(
        "with",
    ),
    Whitespace,
    Text(
        "list",
    ),
    Whitespace,
    Text(
        "{{list",
    ),
    Dash,
    Text(
        "item}}",
    ),
    Newline,
    Dash,
    Whitespace,
    Text(
        "Multiple",
    ),
    Whitespace,
    Text(
        "items",
    ),
    Whitespace,
    Text(
        "{{list",
    ),
    Dash,
    Text(
        "item}}",
    ),
    Newline,
    BlankLine,
    Text(
        "Paragraph",
    ),
    Whitespace,
    Text(
        "in",
    ),
    Whitespace,
    Text(
        "the",
    ),
    Whitespace,
    Text(
        "middle",
    ),
    Period,
    Whitespace,
    Text(
        "{{paragraph}}",
    ),
    Newline,
    BlankLine,
    Dash,
    Whitespace,
    Text(
        "Ends",
    ),
    Whitespace,
    Text(
        "with",
    ),
    Whitespace,
    Text(
        "another",
    ),
    Whitespace,
    Text(
        "list",
    ),
    Whitespace,
    Text(
        "{{list",
    ),
    Dash,
    Text(
        "item}}",
    ),
    Newline,
    Dash,
    Whitespace,
    Text(
        "To",
    ),
    Whitespace,
    Text(
        "complete",
    ),
    Whitespace,
    Text(
        "the",
    ),
    Whitespace,
    Text(
        "pattern",
    ),
    Whitespace,
    Text(
        "{{list",
    ),
    Dash,
    Text(
        "item}}",
    ),
    Newline,
    BlankLine,
    Number(
        "2",
    ),
    Period,
    Number(
        "1",
    ),
    Period,
    Number(
        "1",
    ),
    Period,
    Whitespace,
    Text(
        "Even",
    ),
    Whitespace,
    Text(
        "Deeper",
    ),
    Whitespace,
    Text(
        "Nesting",
    ),
    Whitespace,
    Text(
        "{{session",
    ),
    Dash,
    Text(
        "title}}",
    ),
    Newline,
    BlankLine,
    IndentLevel,
    Text(
        "The",
    ),
    Whitespace,
    Text(
        "deepest",
    ),
    Whitespace,
    Text(
        "level",
    ),
    Whitespace,
    Text(
        "contains",
    ),
    Whitespace,
    Text(
        "paragraphs",
    ),
    Whitespace,
    Text(
        "and",
    ),
    Whitespace,
    Text(
        "lists",
    ),
    Period,
    Whitespace,
    Text(
        "{{paragraph}}",
    ),
    Newline,
    BlankLine,
    Dash,
    Whitespace,
    Text(
        "First",
    ),
    Whitespace,
    Text(
        "deep",
    ),
    Whitespace,
    Text(
        "list",
    ),
    Whitespace,
    Text(
        "{{list",
    ),
    Dash,
    Text(
        "item}}",
    ),
    Newline,
    Dash,
    Whitespace,
    Text(
        "Second",
    ),
    Whitespace,
    Text(
        "deep",
    ),
    Whitespace,
    Text(
        "item",
    ),
    Whitespace,
    Text(
        "{{list",
    ),
    Dash,
    Text(
        "item}}",
    ),
    Newline,
    BlankLine,
    Text(
        "Another",
    ),
    Whitespace,
    Text(
        "paragraph",
    ),
    Whitespace,
    Text(
        "at",
    ),
    Whitespace,
    Text(
        "deep",
    ),
    Whitespace,
    Text(
        "level",
    ),
    Period,
    Whitespace,
    Text(
        "{{paragraph}}",
    ),
    Newline,
    BlankLine,
    Dash,
    Whitespace,
    Text(
        "Second",
    ),
    Whitespace,
    Text(
        "deep",
    ),
    Whitespace,
    Text(
        "list",
    ),
    Whitespace,
    Text(
        "{{list",
    ),
    Dash,
    Text(
        "item}}",
    ),
    Newline,
    Dash,
    Whitespace,
    Text(
        "Completing",
    ),
    Whitespace,
    Text(
        "the",
    ),
    Whitespace,
    Text(
        "deep",
    ),
    Whitespace,
    Text(
        "structure",
    ),
    Whitespace,
    Text(
        "{{list",
    ),
    Dash,
    Text(
        "item}}",
    ),
    Newline,
    BlankLine,
    DedentLevel,
    DedentLevel,
    DedentLevel,
    Text(
        "Final",
    ),
    Whitespace,
    Text(
        "root",
    ),
    Whitespace,
    Text(
        "level",
    ),
    Whitespace,
    Text(
        "paragraph",
    ),
    Period,
    Whitespace,
    Text(
        "{{paragraph}}",
    ),
    Newline,
    DocEnd,
]
