---
source: tests/lexer_proptest.rs
expression: tokens
---
[
    Text,
    Whitespace,
    Text,
    Whitespace,
    Text,
    Whitespace,
    Text,
    Newline,
    Newline,
    Text,
    Whitespace,
    Text,
    Whitespace,
    Text,
    Whitespace,
    Text,
    Whitespace,
    Text,
    Whitespace,
    Text,
    Whitespace,
    Text,
    Whitespace,
    Text,
    Whitespace,
    Text,
    Period,
    Whitespace,
    Text,
    Newline,
    Newline,
    Text,
    Period,
    Whitespace,
    Text,
    Whitespace,
    Text,
    Whitespace,
    Text,
    Dash,
    Text,
    Newline,
    Newline,
    Indent,
    Text,
    Whitespace,
    Text,
    Whitespace,
    Text,
    Whitespace,
    Text,
    Whitespace,
    Text,
    Whitespace,
    Text,
    Whitespace,
    Text,
    Whitespace,
    Text,
    Period,
    Whitespace,
    Text,
    Newline,
    Newline,
    Indent,
    Text,
    Period,
    Text,
    Period,
    Whitespace,
    Text,
    Whitespace,
    Text,
    Dash,
    Text,
    Whitespace,
    Text,
    Dash,
    Text,
    Newline,
    Newline,
    Indent,
    Indent,
    Text,
    Whitespace,
    Text,
    Whitespace,
    Text,
    Whitespace,
    Text,
    Whitespace,
    Text,
    Whitespace,
    Text,
    Whitespace,
    Text,
    Whitespace,
    Text,
    Period,
    Whitespace,
    Text,
    Newline,
    Newline,
    Indent,
    Indent,
    Text,
    Whitespace,
    Text,
    Whitespace,
    Text,
    Whitespace,
    Text,
    Whitespace,
    Text,
    Period,
    Whitespace,
    Text,
    Newline,
    Newline,
    Indent,
    Text,
    Period,
    Text,
    Period,
    Whitespace,
    Text,
    Whitespace,
    Text,
    Dash,
    Text,
    Whitespace,
    Text,
    Dash,
    Text,
    Newline,
    Newline,
    Indent,
    Indent,
    Text,
    Whitespace,
    Text,
    Dash,
    Text,
    Whitespace,
    Text,
    Whitespace,
    Text,
    Whitespace,
    Text,
    Whitespace,
    Text,
    Period,
    Whitespace,
    Text,
    Newline,
    Newline,
    Indent,
    Indent,
    Text,
    Period,
    Text,
    Period,
    Text,
    Period,
    Whitespace,
    Text,
    Whitespace,
    Text,
    Whitespace,
    Text,
    Whitespace,
    Text,
    Dash,
    Text,
    Newline,
    Newline,
    Indent,
    Indent,
    Indent,
    Text,
    Whitespace,
    Text,
    Whitespace,
    Text,
    Whitespace,
    Text,
    Whitespace,
    Text,
    Whitespace,
    Text,
    Whitespace,
    Text,
    Whitespace,
    Text,
    Period,
    Whitespace,
    Text,
    Newline,
    Newline,
    Indent,
    Indent,
    Indent,
    Text,
    Whitespace,
    Text,
    Whitespace,
    Text,
    Whitespace,
    Text,
    Whitespace,
    Text,
    Whitespace,
    Text,
    Period,
    Whitespace,
    Text,
    Newline,
    Newline,
    Indent,
    Text,
    Whitespace,
    Text,
    Whitespace,
    Text,
    Whitespace,
    Text,
    Whitespace,
    Text,
    Whitespace,
    Text,
    Period,
    Whitespace,
    Text,
    Newline,
    Newline,
    Text,
    Period,
    Whitespace,
    Text,
    Whitespace,
    Text,
    Whitespace,
    Text,
    Whitespace,
    Text,
    Dash,
    Text,
    Newline,
    Newline,
    Indent,
    Text,
    Whitespace,
    Text,
    Whitespace,
    Text,
    Whitespace,
    Text,
    Whitespace,
    Text,
    Whitespace,
    Text,
    Whitespace,
    Text,
    Whitespace,
    Text,
    Whitespace,
    Text,
    Whitespace,
    Text,
    Whitespace,
    Text,
    Period,
    Whitespace,
    Text,
    Newline,
    Newline,
    Indent,
    Text,
    Period,
    Text,
    Period,
    Whitespace,
    Text,
    Whitespace,
    Text,
    Dash,
    Text,
    Whitespace,
    Text,
    Dash,
    Text,
    Newline,
    Newline,
    Indent,
    Indent,
    Text,
    Dash,
    Text,
    Whitespace,
    Text,
    Whitespace,
    Text,
    Whitespace,
    Text,
    Whitespace,
    Text,
    Whitespace,
    Text,
    Period,
    Whitespace,
    Text,
    Newline,
    Newline,
    Text,
    Whitespace,
    Text,
    Whitespace,
    Text,
    Whitespace,
    Text,
    Whitespace,
    Text,
    Whitespace,
    Text,
    Period,
    Whitespace,
    Text,
    Newline,
]
