---
source: tests/lexer_proptest.rs
assertion_line: 62
expression: tokens
---
[
    Text(
        "Lists",
    ),
    Whitespace,
    Text(
        "Only",
    ),
    Whitespace,
    Text(
        "Test",
    ),
    Whitespace,
    Text(
        "{{paragraph}}",
    ),
    Newline,
    BlankLine,
    Text(
        "This",
    ),
    Whitespace,
    Text(
        "document",
    ),
    Whitespace,
    Text(
        "tests",
    ),
    Whitespace,
    Text(
        "various",
    ),
    Whitespace,
    Text(
        "list",
    ),
    Whitespace,
    Text(
        "formats",
    ),
    Whitespace,
    Text(
        "and",
    ),
    Whitespace,
    Text(
        "decorations",
    ),
    Period,
    Whitespace,
    Text(
        "{{paragraph}}",
    ),
    Newline,
    BlankLine,
    Text(
        "Plain",
    ),
    Whitespace,
    Text(
        "dash",
    ),
    Whitespace,
    Text(
        "lists",
    ),
    Colon,
    Whitespace,
    Text(
        "{{paragraph}}",
    ),
    Newline,
    BlankLine,
    Dash,
    Whitespace,
    Text(
        "First",
    ),
    Whitespace,
    Text(
        "item",
    ),
    Whitespace,
    Text(
        "{{list",
    ),
    Dash,
    Text(
        "item}}",
    ),
    Newline,
    Dash,
    Whitespace,
    Text(
        "Second",
    ),
    Whitespace,
    Text(
        "item",
    ),
    Whitespace,
    Text(
        "{{list",
    ),
    Dash,
    Text(
        "item}}",
    ),
    Newline,
    Dash,
    Whitespace,
    Text(
        "Third",
    ),
    Whitespace,
    Text(
        "item",
    ),
    Whitespace,
    Text(
        "{{list",
    ),
    Dash,
    Text(
        "item}}",
    ),
    Newline,
    BlankLine,
    Text(
        "Numerical",
    ),
    Whitespace,
    Text(
        "lists",
    ),
    Colon,
    Whitespace,
    Text(
        "{{paragraph}}",
    ),
    Newline,
    BlankLine,
    Number(
        "1",
    ),
    Period,
    Whitespace,
    Text(
        "First",
    ),
    Whitespace,
    Text(
        "numbered",
    ),
    Whitespace,
    Text(
        "item",
    ),
    Whitespace,
    Text(
        "{{list",
    ),
    Dash,
    Text(
        "item}}",
    ),
    Newline,
    Number(
        "2",
    ),
    Period,
    Whitespace,
    Text(
        "Second",
    ),
    Whitespace,
    Text(
        "numbered",
    ),
    Whitespace,
    Text(
        "item",
    ),
    Whitespace,
    Text(
        "{{list",
    ),
    Dash,
    Text(
        "item}}",
    ),
    Newline,
    Number(
        "3",
    ),
    Period,
    Whitespace,
    Text(
        "Third",
    ),
    Whitespace,
    Text(
        "numbered",
    ),
    Whitespace,
    Text(
        "item",
    ),
    Whitespace,
    Text(
        "{{list",
    ),
    Dash,
    Text(
        "item}}",
    ),
    Newline,
    BlankLine,
    Text(
        "Alphabetical",
    ),
    Whitespace,
    Text(
        "lists",
    ),
    Colon,
    Whitespace,
    Text(
        "{{paragraph}}",
    ),
    Newline,
    BlankLine,
    Text(
        "a",
    ),
    Period,
    Whitespace,
    Text(
        "First",
    ),
    Whitespace,
    Text(
        "letter",
    ),
    Whitespace,
    Text(
        "item",
    ),
    Whitespace,
    Text(
        "{{list",
    ),
    Dash,
    Text(
        "item}}",
    ),
    Newline,
    Text(
        "b",
    ),
    Period,
    Whitespace,
    Text(
        "Second",
    ),
    Whitespace,
    Text(
        "letter",
    ),
    Whitespace,
    Text(
        "item",
    ),
    Whitespace,
    Text(
        "{{list",
    ),
    Dash,
    Text(
        "item}}",
    ),
    Newline,
    Text(
        "c",
    ),
    Period,
    Whitespace,
    Text(
        "Third",
    ),
    Whitespace,
    Text(
        "letter",
    ),
    Whitespace,
    Text(
        "item",
    ),
    Whitespace,
    Text(
        "{{list",
    ),
    Dash,
    Text(
        "item}}",
    ),
    Newline,
    BlankLine,
    Text(
        "Mixed",
    ),
    Whitespace,
    Text(
        "decoration",
    ),
    Whitespace,
    Text(
        "lists",
    ),
    Whitespace,
    OpenParen,
    Text(
        "style",
    ),
    Whitespace,
    Text(
        "defined",
    ),
    Whitespace,
    Text(
        "by",
    ),
    Whitespace,
    Text(
        "first",
    ),
    Whitespace,
    Text(
        "item",
    ),
    CloseParen,
    Colon,
    Whitespace,
    Text(
        "{{paragraph}}",
    ),
    Newline,
    BlankLine,
    Number(
        "1",
    ),
    Period,
    Whitespace,
    Text(
        "First",
    ),
    Whitespace,
    Text(
        "item",
    ),
    Whitespace,
    Text(
        "{{list",
    ),
    Dash,
    Text(
        "item}}",
    ),
    Newline,
    Dash,
    Whitespace,
    Text(
        "Second",
    ),
    Whitespace,
    Text(
        "item",
    ),
    Whitespace,
    Text(
        "{{list",
    ),
    Dash,
    Text(
        "item}}",
    ),
    Newline,
    Text(
        "a",
    ),
    Period,
    Whitespace,
    Text(
        "Third",
    ),
    Whitespace,
    Text(
        "item",
    ),
    Whitespace,
    Text(
        "{{list",
    ),
    Dash,
    Text(
        "item}}",
    ),
    Newline,
    BlankLine,
    Text(
        "Parenthetical",
    ),
    Whitespace,
    Text(
        "numbering",
    ),
    Colon,
    Whitespace,
    Text(
        "{{paragraph}}",
    ),
    Newline,
    BlankLine,
    OpenParen,
    Number(
        "1",
    ),
    CloseParen,
    Whitespace,
    Text(
        "First",
    ),
    Whitespace,
    Text(
        "parenthetical",
    ),
    Whitespace,
    Text(
        "item",
    ),
    Whitespace,
    Text(
        "{{list",
    ),
    Dash,
    Text(
        "item}}",
    ),
    Newline,
    OpenParen,
    Number(
        "2",
    ),
    CloseParen,
    Whitespace,
    Text(
        "Second",
    ),
    Whitespace,
    Text(
        "parenthetical",
    ),
    Whitespace,
    Text(
        "item",
    ),
    Whitespace,
    Text(
        "{{list",
    ),
    Dash,
    Text(
        "item}}",
    ),
    Newline,
    OpenParen,
    Number(
        "3",
    ),
    CloseParen,
    Whitespace,
    Text(
        "Third",
    ),
    Whitespace,
    Text(
        "parenthetical",
    ),
    Whitespace,
    Text(
        "item",
    ),
    Whitespace,
    Text(
        "{{list",
    ),
    Dash,
    Text(
        "item}}",
    ),
    Newline,
    BlankLine,
    Text(
        "Roman",
    ),
    Whitespace,
    Text(
        "numerals",
    ),
    Colon,
    Whitespace,
    Text(
        "{{paragraph}}",
    ),
    Newline,
    BlankLine,
    Text(
        "I",
    ),
    Period,
    Whitespace,
    Text(
        "First",
    ),
    Whitespace,
    Text(
        "roman",
    ),
    Whitespace,
    Text(
        "item",
    ),
    Whitespace,
    Text(
        "{{list",
    ),
    Dash,
    Text(
        "item}}",
    ),
    Newline,
    Text(
        "II",
    ),
    Period,
    Whitespace,
    Text(
        "Second",
    ),
    Whitespace,
    Text(
        "roman",
    ),
    Whitespace,
    Text(
        "item",
    ),
    Whitespace,
    Text(
        "{{list",
    ),
    Dash,
    Text(
        "item}}",
    ),
    Newline,
    Text(
        "III",
    ),
    Period,
    Whitespace,
    Text(
        "Third",
    ),
    Whitespace,
    Text(
        "roman",
    ),
    Whitespace,
    Text(
        "item",
    ),
    Whitespace,
    Text(
        "{{list",
    ),
    Dash,
    Text(
        "item}}",
    ),
    Newline,
    BlankLine,
    Text(
        "Lists",
    ),
    Whitespace,
    Text(
        "with",
    ),
    Whitespace,
    Text(
        "longer",
    ),
    Whitespace,
    Text(
        "content",
    ),
    Colon,
    Whitespace,
    Text(
        "{{paragraph}}",
    ),
    Newline,
    BlankLine,
    Dash,
    Whitespace,
    Text(
        "This",
    ),
    Whitespace,
    Text(
        "is",
    ),
    Whitespace,
    Text(
        "a",
    ),
    Whitespace,
    Text(
        "longer",
    ),
    Whitespace,
    Text(
        "list",
    ),
    Whitespace,
    Text(
        "item",
    ),
    Whitespace,
    Text(
        "that",
    ),
    Whitespace,
    Text(
        "spans",
    ),
    Whitespace,
    Text(
        "multiple",
    ),
    Whitespace,
    Text(
        "lines",
    ),
    Whitespace,
    Text(
        "of",
    ),
    Whitespace,
    Text(
        "text",
    ),
    Whitespace,
    Text(
        "to",
    ),
    Whitespace,
    Text(
        "test",
    ),
    Whitespace,
    Text(
        "how",
    ),
    Whitespace,
    Text(
        "the",
    ),
    Whitespace,
    Text(
        "parser",
    ),
    Whitespace,
    Text(
        "handles",
    ),
    Whitespace,
    Text(
        "extended",
    ),
    Whitespace,
    Text(
        "content",
    ),
    Whitespace,
    Text(
        "within",
    ),
    Whitespace,
    Text(
        "list",
    ),
    Whitespace,
    Text(
        "items",
    ),
    Period,
    Whitespace,
    Text(
        "{{list",
    ),
    Dash,
    Text(
        "item}}",
    ),
    Newline,
    Dash,
    Whitespace,
    Text(
        "Another",
    ),
    Whitespace,
    Text(
        "longer",
    ),
    Whitespace,
    Text(
        "item",
    ),
    Whitespace,
    Text(
        "with",
    ),
    Whitespace,
    Text(
        "more",
    ),
    Whitespace,
    Text(
        "detailed",
    ),
    Whitespace,
    Text(
        "information",
    ),
    Whitespace,
    Text(
        "that",
    ),
    Whitespace,
    Text(
        "demonstrates",
    ),
    Whitespace,
    Text(
        "the",
    ),
    Whitespace,
    Text(
        "flexibility",
    ),
    Whitespace,
    Text(
        "of",
    ),
    Whitespace,
    Text(
        "the",
    ),
    Whitespace,
    Text(
        "list",
    ),
    Whitespace,
    Text(
        "format",
    ),
    Period,
    Whitespace,
    Text(
        "{{list",
    ),
    Dash,
    Text(
        "item}}",
    ),
    Newline,
    Dash,
    Whitespace,
    Text(
        "A",
    ),
    Whitespace,
    Text(
        "third",
    ),
    Whitespace,
    Text(
        "item",
    ),
    Whitespace,
    Text(
        "that",
    ),
    Whitespace,
    Text(
        "completes",
    ),
    Whitespace,
    Text(
        "this",
    ),
    Whitespace,
    Text(
        "test",
    ),
    Whitespace,
    Text(
        "of",
    ),
    Whitespace,
    Text(
        "longer",
    ),
    Whitespace,
    Text(
        "list",
    ),
    Whitespace,
    Text(
        "content",
    ),
    Period,
    Whitespace,
    Text(
        "{{list",
    ),
    Dash,
    Text(
        "item}}",
    ),
    Newline,
]
