---
source: tests/lexer_proptest.rs
expression: tokens
---
[
    DocStart,
    Text(
        "Trifecta",
    ),
    Whitespace,
    Text(
        "Flat",
    ),
    Whitespace,
    Text(
        "Structure",
    ),
    Whitespace,
    Text(
        "Test",
    ),
    Whitespace,
    Text(
        "{{paragraph}}",
    ),
    Newline,
    Newline,
    Text(
        "This",
    ),
    Whitespace,
    Text(
        "document",
    ),
    Whitespace,
    Text(
        "tests",
    ),
    Whitespace,
    Text(
        "the",
    ),
    Whitespace,
    Text(
        "combination",
    ),
    Whitespace,
    Text(
        "of",
    ),
    Whitespace,
    Text(
        "all",
    ),
    Whitespace,
    Text(
        "three",
    ),
    Whitespace,
    Text(
        "core",
    ),
    Whitespace,
    Text(
        "elements",
    ),
    Whitespace,
    OpenParen,
    Text(
        "sessions",
    ),
    Comma,
    Whitespace,
    Text(
        "paragraphs",
    ),
    Comma,
    Whitespace,
    Text(
        "lists",
    ),
    CloseParen,
    Whitespace,
    Text(
        "in",
    ),
    Whitespace,
    Text(
        "a",
    ),
    Whitespace,
    Text(
        "flat",
    ),
    Whitespace,
    Text(
        "structure",
    ),
    Whitespace,
    Text(
        "without",
    ),
    Whitespace,
    Text(
        "nesting",
    ),
    Period,
    Whitespace,
    Text(
        "{{paragraph}}",
    ),
    Newline,
    Newline,
    Number(
        "1",
    ),
    Period,
    Whitespace,
    Text(
        "Session",
    ),
    Whitespace,
    Text(
        "with",
    ),
    Whitespace,
    Text(
        "Paragraph",
    ),
    Whitespace,
    Text(
        "Content",
    ),
    Whitespace,
    Text(
        "{{session",
    ),
    Dash,
    Text(
        "title}}",
    ),
    Newline,
    Newline,
    IndentLevel,
    Text(
        "This",
    ),
    Whitespace,
    Text(
        "session",
    ),
    Whitespace,
    Text(
        "starts",
    ),
    Whitespace,
    Text(
        "with",
    ),
    Whitespace,
    Text(
        "a",
    ),
    Whitespace,
    Text(
        "paragraph",
    ),
    Whitespace,
    Text(
        "as",
    ),
    Whitespace,
    Text(
        "its",
    ),
    Whitespace,
    Text(
        "first",
    ),
    Whitespace,
    Text(
        "child",
    ),
    Period,
    Whitespace,
    Text(
        "{{paragraph}}",
    ),
    Newline,
    Newline,
    Text(
        "It",
    ),
    Whitespace,
    Text(
        "can",
    ),
    Whitespace,
    Text(
        "have",
    ),
    Whitespace,
    Text(
        "multiple",
    ),
    Whitespace,
    Text(
        "paragraphs",
    ),
    Period,
    Whitespace,
    Text(
        "{{paragraph}}",
    ),
    Newline,
    Newline,
    DedentLevel,
    Number(
        "2",
    ),
    Period,
    Whitespace,
    Text(
        "Session",
    ),
    Whitespace,
    Text(
        "with",
    ),
    Whitespace,
    Text(
        "List",
    ),
    Whitespace,
    Text(
        "Content",
    ),
    Whitespace,
    Text(
        "{{session",
    ),
    Dash,
    Text(
        "title}}",
    ),
    Newline,
    Newline,
    IndentLevel,
    Dash,
    Whitespace,
    Text(
        "First",
    ),
    Whitespace,
    Text(
        "list",
    ),
    Whitespace,
    Text(
        "item",
    ),
    Whitespace,
    Text(
        "{{list",
    ),
    Dash,
    Text(
        "item}}",
    ),
    Newline,
    Dash,
    Whitespace,
    Text(
        "Second",
    ),
    Whitespace,
    Text(
        "list",
    ),
    Whitespace,
    Text(
        "item",
    ),
    Whitespace,
    Text(
        "{{list",
    ),
    Dash,
    Text(
        "item}}",
    ),
    Newline,
    Dash,
    Whitespace,
    Text(
        "Third",
    ),
    Whitespace,
    Text(
        "list",
    ),
    Whitespace,
    Text(
        "item",
    ),
    Whitespace,
    Text(
        "{{list",
    ),
    Dash,
    Text(
        "item}}",
    ),
    Newline,
    Newline,
    DedentLevel,
    Number(
        "3",
    ),
    Period,
    Whitespace,
    Text(
        "Session",
    ),
    Whitespace,
    Text(
        "with",
    ),
    Whitespace,
    Text(
        "Mixed",
    ),
    Whitespace,
    Text(
        "Content",
    ),
    Whitespace,
    Text(
        "{{session",
    ),
    Dash,
    Text(
        "title}}",
    ),
    Newline,
    Newline,
    IndentLevel,
    Text(
        "This",
    ),
    Whitespace,
    Text(
        "session",
    ),
    Whitespace,
    Text(
        "starts",
    ),
    Whitespace,
    Text(
        "with",
    ),
    Whitespace,
    Text(
        "a",
    ),
    Whitespace,
    Text(
        "paragraph",
    ),
    Period,
    Whitespace,
    Text(
        "{{paragraph}}",
    ),
    Newline,
    Newline,
    Dash,
    Whitespace,
    Text(
        "Then",
    ),
    Whitespace,
    Text(
        "has",
    ),
    Whitespace,
    Text(
        "a",
    ),
    Whitespace,
    Text(
        "list",
    ),
    Whitespace,
    Text(
        "{{list",
    ),
    Dash,
    Text(
        "item}}",
    ),
    Newline,
    Dash,
    Whitespace,
    Text(
        "With",
    ),
    Whitespace,
    Text(
        "multiple",
    ),
    Whitespace,
    Text(
        "items",
    ),
    Whitespace,
    Text(
        "{{list",
    ),
    Dash,
    Text(
        "item}}",
    ),
    Newline,
    Newline,
    Text(
        "And",
    ),
    Whitespace,
    Text(
        "ends",
    ),
    Whitespace,
    Text(
        "with",
    ),
    Whitespace,
    Text(
        "another",
    ),
    Whitespace,
    Text(
        "paragraph",
    ),
    Period,
    Whitespace,
    Text(
        "{{paragraph}}",
    ),
    Newline,
    Newline,
    DedentLevel,
    Text(
        "A",
    ),
    Whitespace,
    Text(
        "paragraph",
    ),
    Whitespace,
    Text(
        "at",
    ),
    Whitespace,
    Text(
        "the",
    ),
    Whitespace,
    Text(
        "root",
    ),
    Whitespace,
    Text(
        "level",
    ),
    Period,
    Whitespace,
    Text(
        "{{paragraph}}",
    ),
    Newline,
    Newline,
    Dash,
    Whitespace,
    Text(
        "Root",
    ),
    Whitespace,
    Text(
        "level",
    ),
    Whitespace,
    Text(
        "list",
    ),
    Whitespace,
    Text(
        "{{list",
    ),
    Dash,
    Text(
        "item}}",
    ),
    Newline,
    Dash,
    Whitespace,
    Text(
        "With",
    ),
    Whitespace,
    Text(
        "multiple",
    ),
    Whitespace,
    Text(
        "items",
    ),
    Whitespace,
    Text(
        "{{list",
    ),
    Dash,
    Text(
        "item}}",
    ),
    Newline,
    Newline,
    Number(
        "4",
    ),
    Period,
    Whitespace,
    Text(
        "Another",
    ),
    Whitespace,
    Text(
        "Session",
    ),
    Whitespace,
    Text(
        "{{session",
    ),
    Dash,
    Text(
        "title}}",
    ),
    Newline,
    Newline,
    IndentLevel,
    Dash,
    Whitespace,
    Text(
        "Starts",
    ),
    Whitespace,
    Text(
        "with",
    ),
    Whitespace,
    Text(
        "a",
    ),
    Whitespace,
    Text(
        "list",
    ),
    Whitespace,
    Text(
        "{{list",
    ),
    Dash,
    Text(
        "item}}",
    ),
    Newline,
    Dash,
    Whitespace,
    Text(
        "Has",
    ),
    Whitespace,
    Text(
        "multiple",
    ),
    Whitespace,
    Text(
        "items",
    ),
    Whitespace,
    Text(
        "{{list",
    ),
    Dash,
    Text(
        "item}}",
    ),
    Newline,
    Newline,
    Text(
        "Then",
    ),
    Whitespace,
    Text(
        "has",
    ),
    Whitespace,
    Text(
        "a",
    ),
    Whitespace,
    Text(
        "paragraph",
    ),
    Period,
    Whitespace,
    Text(
        "{{paragraph}}",
    ),
    Newline,
    Newline,
    Dash,
    Whitespace,
    Text(
        "And",
    ),
    Whitespace,
    Text(
        "ends",
    ),
    Whitespace,
    Text(
        "with",
    ),
    Whitespace,
    Text(
        "another",
    ),
    Whitespace,
    Text(
        "list",
    ),
    Whitespace,
    Text(
        "{{list",
    ),
    Dash,
    Text(
        "item}}",
    ),
    Newline,
    Dash,
    Whitespace,
    Text(
        "To",
    ),
    Whitespace,
    Text(
        "complete",
    ),
    Whitespace,
    Text(
        "the",
    ),
    Whitespace,
    Text(
        "session",
    ),
    Whitespace,
    Text(
        "{{list",
    ),
    Dash,
    Text(
        "item}}",
    ),
    Newline,
    Newline,
    DedentLevel,
    Text(
        "Final",
    ),
    Whitespace,
    Text(
        "root",
    ),
    Whitespace,
    Text(
        "level",
    ),
    Whitespace,
    Text(
        "paragraph",
    ),
    Period,
    Whitespace,
    Text(
        "{{paragraph}}",
    ),
    Newline,
    DocEnd,
]
