---
source: tests/tokenizer_elements.rs
expression: tokens.tokens()
---
[
    (
        Text(
            "Background",
        ),
        0..10,
    ),
    (
        Colon,
        10..11,
    ),
    (
        Newline,
        11..12,
    ),
    (
        BlankLine(
            [
                (
                    Newline,
                    12..13,
                ),
            ],
        ),
        0..0,
    ),
    (
        Indent(
            [
                (
                    Indentation,
                    13..17,
                ),
            ],
        ),
        0..0,
    ),
    (
        Text(
            "This",
        ),
        17..21,
    ),
    (
        Whitespace,
        21..22,
    ),
    (
        Text(
            "session",
        ),
        22..29,
    ),
    (
        Whitespace,
        29..30,
    ),
    (
        Text(
            "contains",
        ),
        30..38,
    ),
    (
        Whitespace,
        38..39,
    ),
    (
        Text(
            "multiple",
        ),
        39..47,
    ),
    (
        Whitespace,
        47..48,
    ),
    (
        Text(
            "paragraphs",
        ),
        48..58,
    ),
    (
        Whitespace,
        58..59,
    ),
    (
        Text(
            "of",
        ),
        59..61,
    ),
    (
        Whitespace,
        61..62,
    ),
    (
        Text(
            "content",
        ),
        62..69,
    ),
    (
        Period,
        69..70,
    ),
    (
        Newline,
        70..71,
    ),
    (
        BlankLine(
            [
                (
                    Newline,
                    71..72,
                ),
            ],
        ),
        0..0,
    ),
    (
        Text(
            "Each",
        ),
        76..80,
    ),
    (
        Whitespace,
        80..81,
    ),
    (
        Text(
            "paragraph",
        ),
        81..90,
    ),
    (
        Whitespace,
        90..91,
    ),
    (
        Text(
            "is",
        ),
        91..93,
    ),
    (
        Whitespace,
        93..94,
    ),
    (
        Text(
            "indented",
        ),
        94..102,
    ),
    (
        Whitespace,
        102..103,
    ),
    (
        Text(
            "and",
        ),
        103..106,
    ),
    (
        Whitespace,
        106..107,
    ),
    (
        Text(
            "separated",
        ),
        107..116,
    ),
    (
        Whitespace,
        116..117,
    ),
    (
        Text(
            "by",
        ),
        117..119,
    ),
    (
        Whitespace,
        119..120,
    ),
    (
        Text(
            "blank",
        ),
        120..125,
    ),
    (
        Whitespace,
        125..126,
    ),
    (
        Text(
            "lines",
        ),
        126..131,
    ),
    (
        Period,
        131..132,
    ),
    (
        Newline,
        132..133,
    ),
    (
        BlankLine(
            [
                (
                    Newline,
                    133..134,
                ),
            ],
        ),
        0..0,
    ),
    (
        Text(
            "This",
        ),
        138..142,
    ),
    (
        Whitespace,
        142..143,
    ),
    (
        Text(
            "is",
        ),
        143..145,
    ),
    (
        Whitespace,
        145..146,
    ),
    (
        Text(
            "the",
        ),
        146..149,
    ),
    (
        Whitespace,
        149..150,
    ),
    (
        Text(
            "third",
        ),
        150..155,
    ),
    (
        Whitespace,
        155..156,
    ),
    (
        Text(
            "paragraph",
        ),
        156..165,
    ),
    (
        Whitespace,
        165..166,
    ),
    (
        Text(
            "in",
        ),
        166..168,
    ),
    (
        Whitespace,
        168..169,
    ),
    (
        Text(
            "the",
        ),
        169..172,
    ),
    (
        Whitespace,
        172..173,
    ),
    (
        Text(
            "session",
        ),
        173..180,
    ),
    (
        Period,
        180..181,
    ),
    (
        Newline,
        181..182,
    ),
    (
        Dedent(
            [],
        ),
        0..0,
    ),
]
