---
source: tests/tokenizer_elements.rs
expression: tokens
---
[
    (
        Text(
            "Sunset",
        ),
        0..6,
    ),
    (
        Whitespace,
        6..7,
    ),
    (
        Text(
            "Photo",
        ),
        7..12,
    ),
    (
        Colon,
        12..13,
    ),
    (
        BlankLine(
            Some(
                "\n",
            ),
        ),
        13..14,
    ),
    (
        LexMarker,
        14..16,
    ),
    (
        Whitespace,
        16..17,
    ),
    (
        Text(
            "image",
        ),
        17..22,
    ),
    (
        Whitespace,
        22..23,
    ),
    (
        Text(
            "src",
        ),
        23..26,
    ),
    (
        Equals,
        26..27,
    ),
    (
        Text(
            "sunset",
        ),
        27..33,
    ),
    (
        Period,
        33..34,
    ),
    (
        Text(
            "jpg",
        ),
        34..37,
    ),
    (
        Whitespace,
        37..38,
    ),
    (
        LexMarker,
        38..40,
    ),
    (
        Whitespace,
        40..41,
    ),
    (
        Text(
            "As",
        ),
        41..43,
    ),
    (
        Whitespace,
        43..44,
    ),
    (
        Text(
            "the",
        ),
        44..47,
    ),
    (
        Whitespace,
        47..48,
    ),
    (
        Text(
            "sun",
        ),
        48..51,
    ),
    (
        Whitespace,
        51..52,
    ),
    (
        Text(
            "sets",
        ),
        52..56,
    ),
    (
        Whitespace,
        56..57,
    ),
    (
        Text(
            "over",
        ),
        57..61,
    ),
    (
        Whitespace,
        61..62,
    ),
    (
        Text(
            "the",
        ),
        62..65,
    ),
    (
        Whitespace,
        65..66,
    ),
    (
        Text(
            "ocean",
        ),
        66..71,
    ),
    (
        Period,
        71..72,
    ),
    (
        BlankLine(
            Some(
                "\n",
            ),
        ),
        72..73,
    ),
]
