---
source: tests/tokenizer_documents.rs
expression: tokens
---
[
    (
        Text(
            "Paragraphs",
        ),
        0..10,
    ),
    (
        Whitespace,
        10..11,
    ),
    (
        Text(
            "vs",
        ),
        11..13,
    ),
    (
        Whitespace,
        13..14,
    ),
    (
        Text(
            "Lists",
        ),
        14..19,
    ),
    (
        Whitespace,
        19..20,
    ),
    (
        Text(
            "Disambiguation",
        ),
        20..34,
    ),
    (
        Whitespace,
        34..35,
    ),
    (
        Text(
            "Test",
        ),
        35..39,
    ),
    (
        Whitespace,
        39..40,
    ),
    (
        Text(
            "{{paragraph}}",
        ),
        40..53,
    ),
    (
        BlankLine(
            Some(
                "\n",
            ),
        ),
        53..54,
    ),
    (
        BlankLine(
            Some(
                "\n",
            ),
        ),
        54..55,
    ),
    (
        Text(
            "This",
        ),
        55..59,
    ),
    (
        Whitespace,
        59..60,
    ),
    (
        Text(
            "document",
        ),
        60..68,
    ),
    (
        Whitespace,
        68..69,
    ),
    (
        Text(
            "tests",
        ),
        69..74,
    ),
    (
        Whitespace,
        74..75,
    ),
    (
        Text(
            "the",
        ),
        75..78,
    ),
    (
        Whitespace,
        78..79,
    ),
    (
        Text(
            "disambiguation",
        ),
        79..93,
    ),
    (
        Whitespace,
        93..94,
    ),
    (
        Text(
            "between",
        ),
        94..101,
    ),
    (
        Whitespace,
        101..102,
    ),
    (
        Text(
            "paragraphs",
        ),
        102..112,
    ),
    (
        Whitespace,
        112..113,
    ),
    (
        Text(
            "and",
        ),
        113..116,
    ),
    (
        Whitespace,
        116..117,
    ),
    (
        Text(
            "lists",
        ),
        117..122,
    ),
    (
        Comma,
        122..123,
    ),
    (
        Whitespace,
        123..124,
    ),
    (
        Text(
            "including",
        ),
        124..133,
    ),
    (
        Whitespace,
        133..134,
    ),
    (
        Text(
            "edge",
        ),
        134..138,
    ),
    (
        Whitespace,
        138..139,
    ),
    (
        Text(
            "cases",
        ),
        139..144,
    ),
    (
        Period,
        144..145,
    ),
    (
        Whitespace,
        145..146,
    ),
    (
        Text(
            "{{paragraph}}",
        ),
        146..159,
    ),
    (
        BlankLine(
            Some(
                "\n",
            ),
        ),
        159..160,
    ),
    (
        BlankLine(
            Some(
                "\n",
            ),
        ),
        160..161,
    ),
    (
        Text(
            "Single",
        ),
        161..167,
    ),
    (
        Whitespace,
        167..168,
    ),
    (
        Text(
            "item",
        ),
        168..172,
    ),
    (
        Whitespace,
        172..173,
    ),
    (
        Text(
            "with",
        ),
        173..177,
    ),
    (
        Whitespace,
        177..178,
    ),
    (
        Text(
            "dash",
        ),
        178..182,
    ),
    (
        Whitespace,
        182..183,
    ),
    (
        OpenParen,
        183..184,
    ),
    (
        Text(
            "illegal",
        ),
        184..191,
    ),
    (
        Whitespace,
        191..192,
    ),
    (
        Text(
            "list",
        ),
        192..196,
    ),
    (
        Comma,
        196..197,
    ),
    (
        Whitespace,
        197..198,
    ),
    (
        Text(
            "becomes",
        ),
        198..205,
    ),
    (
        Whitespace,
        205..206,
    ),
    (
        Text(
            "paragraph",
        ),
        206..215,
    ),
    (
        CloseParen,
        215..216,
    ),
    (
        Colon,
        216..217,
    ),
    (
        Whitespace,
        217..218,
    ),
    (
        Text(
            "{{paragraph}}",
        ),
        218..231,
    ),
    (
        BlankLine(
            Some(
                "\n",
            ),
        ),
        231..232,
    ),
    (
        Dash,
        232..233,
    ),
    (
        Whitespace,
        233..234,
    ),
    (
        Text(
            "This",
        ),
        234..238,
    ),
    (
        Whitespace,
        238..239,
    ),
    (
        Text(
            "is",
        ),
        239..241,
    ),
    (
        Whitespace,
        241..242,
    ),
    (
        Text(
            "not",
        ),
        242..245,
    ),
    (
        Whitespace,
        245..246,
    ),
    (
        Text(
            "a",
        ),
        246..247,
    ),
    (
        Whitespace,
        247..248,
    ),
    (
        Text(
            "list",
        ),
        248..252,
    ),
    (
        Whitespace,
        252..253,
    ),
    (
        Text(
            "{{paragraph}}",
        ),
        253..266,
    ),
    (
        BlankLine(
            Some(
                "\n",
            ),
        ),
        266..267,
    ),
    (
        BlankLine(
            Some(
                "\n",
            ),
        ),
        267..268,
    ),
    (
        Text(
            "Single",
        ),
        268..274,
    ),
    (
        Whitespace,
        274..275,
    ),
    (
        Text(
            "item",
        ),
        275..279,
    ),
    (
        Whitespace,
        279..280,
    ),
    (
        Text(
            "with",
        ),
        280..284,
    ),
    (
        Whitespace,
        284..285,
    ),
    (
        Text(
            "number",
        ),
        285..291,
    ),
    (
        Whitespace,
        291..292,
    ),
    (
        OpenParen,
        292..293,
    ),
    (
        Text(
            "illegal",
        ),
        293..300,
    ),
    (
        Whitespace,
        300..301,
    ),
    (
        Text(
            "list",
        ),
        301..305,
    ),
    (
        Comma,
        305..306,
    ),
    (
        Whitespace,
        306..307,
    ),
    (
        Text(
            "becomes",
        ),
        307..314,
    ),
    (
        Whitespace,
        314..315,
    ),
    (
        Text(
            "paragraph",
        ),
        315..324,
    ),
    (
        CloseParen,
        324..325,
    ),
    (
        Colon,
        325..326,
    ),
    (
        Whitespace,
        326..327,
    ),
    (
        Text(
            "{{paragraph}}",
        ),
        327..340,
    ),
    (
        BlankLine(
            Some(
                "\n",
            ),
        ),
        340..341,
    ),
    (
        Number(
            "1",
        ),
        341..342,
    ),
    (
        Period,
        342..343,
    ),
    (
        Whitespace,
        343..344,
    ),
    (
        Text(
            "This",
        ),
        344..348,
    ),
    (
        Whitespace,
        348..349,
    ),
    (
        Text(
            "is",
        ),
        349..351,
    ),
    (
        Whitespace,
        351..352,
    ),
    (
        Text(
            "also",
        ),
        352..356,
    ),
    (
        Whitespace,
        356..357,
    ),
    (
        Text(
            "not",
        ),
        357..360,
    ),
    (
        Whitespace,
        360..361,
    ),
    (
        Text(
            "a",
        ),
        361..362,
    ),
    (
        Whitespace,
        362..363,
    ),
    (
        Text(
            "list",
        ),
        363..367,
    ),
    (
        Whitespace,
        367..368,
    ),
    (
        Text(
            "{{paragraph}}",
        ),
        368..381,
    ),
    (
        BlankLine(
            Some(
                "\n",
            ),
        ),
        381..382,
    ),
    (
        BlankLine(
            Some(
                "\n",
            ),
        ),
        382..383,
    ),
    (
        Text(
            "Lists",
        ),
        383..388,
    ),
    (
        Whitespace,
        388..389,
    ),
    (
        Text(
            "require",
        ),
        389..396,
    ),
    (
        Whitespace,
        396..397,
    ),
    (
        Text(
            "at",
        ),
        397..399,
    ),
    (
        Whitespace,
        399..400,
    ),
    (
        Text(
            "least",
        ),
        400..405,
    ),
    (
        Whitespace,
        405..406,
    ),
    (
        Text(
            "two",
        ),
        406..409,
    ),
    (
        Whitespace,
        409..410,
    ),
    (
        Text(
            "items",
        ),
        410..415,
    ),
    (
        Colon,
        415..416,
    ),
    (
        Whitespace,
        416..417,
    ),
    (
        Text(
            "{{paragraph}}",
        ),
        417..430,
    ),
    (
        BlankLine(
            Some(
                "\n",
            ),
        ),
        430..431,
    ),
    (
        Dash,
        431..432,
    ),
    (
        Whitespace,
        432..433,
    ),
    (
        Text(
            "First",
        ),
        433..438,
    ),
    (
        Whitespace,
        438..439,
    ),
    (
        Text(
            "item",
        ),
        439..443,
    ),
    (
        Whitespace,
        443..444,
    ),
    (
        Text(
            "{{list",
        ),
        444..450,
    ),
    (
        Dash,
        450..451,
    ),
    (
        Text(
            "item}}",
        ),
        451..457,
    ),
    (
        BlankLine(
            Some(
                "\n",
            ),
        ),
        457..458,
    ),
    (
        Dash,
        458..459,
    ),
    (
        Whitespace,
        459..460,
    ),
    (
        Text(
            "Second",
        ),
        460..466,
    ),
    (
        Whitespace,
        466..467,
    ),
    (
        Text(
            "item",
        ),
        467..471,
    ),
    (
        Whitespace,
        471..472,
    ),
    (
        Text(
            "{{list",
        ),
        472..478,
    ),
    (
        Dash,
        478..479,
    ),
    (
        Text(
            "item}}",
        ),
        479..485,
    ),
    (
        BlankLine(
            Some(
                "\n",
            ),
        ),
        485..486,
    ),
    (
        BlankLine(
            Some(
                "\n",
            ),
        ),
        486..487,
    ),
    (
        Text(
            "Paragraph",
        ),
        487..496,
    ),
    (
        Whitespace,
        496..497,
    ),
    (
        Text(
            "followed",
        ),
        497..505,
    ),
    (
        Whitespace,
        505..506,
    ),
    (
        Text(
            "by",
        ),
        506..508,
    ),
    (
        Whitespace,
        508..509,
    ),
    (
        Text(
            "list",
        ),
        509..513,
    ),
    (
        Whitespace,
        513..514,
    ),
    (
        Text(
            "WITH",
        ),
        514..518,
    ),
    (
        Whitespace,
        518..519,
    ),
    (
        Text(
            "blank",
        ),
        519..524,
    ),
    (
        Whitespace,
        524..525,
    ),
    (
        Text(
            "line",
        ),
        525..529,
    ),
    (
        Whitespace,
        529..530,
    ),
    (
        OpenParen,
        530..531,
    ),
    (
        Text(
            "required",
        ),
        531..539,
    ),
    (
        CloseParen,
        539..540,
    ),
    (
        Colon,
        540..541,
    ),
    (
        Whitespace,
        541..542,
    ),
    (
        Text(
            "{{paragraph}}",
        ),
        542..555,
    ),
    (
        BlankLine(
            Some(
                "\n",
            ),
        ),
        555..556,
    ),
    (
        BlankLine(
            Some(
                "\n",
            ),
        ),
        556..557,
    ),
    (
        Dash,
        557..558,
    ),
    (
        Whitespace,
        558..559,
    ),
    (
        Text(
            "This",
        ),
        559..563,
    ),
    (
        Whitespace,
        563..564,
    ),
    (
        Text(
            "is",
        ),
        564..566,
    ),
    (
        Whitespace,
        566..567,
    ),
    (
        Text(
            "a",
        ),
        567..568,
    ),
    (
        Whitespace,
        568..569,
    ),
    (
        Text(
            "list",
        ),
        569..573,
    ),
    (
        Whitespace,
        573..574,
    ),
    (
        Text(
            "{{list",
        ),
        574..580,
    ),
    (
        Dash,
        580..581,
    ),
    (
        Text(
            "item}}",
        ),
        581..587,
    ),
    (
        BlankLine(
            Some(
                "\n",
            ),
        ),
        587..588,
    ),
    (
        Dash,
        588..589,
    ),
    (
        Whitespace,
        589..590,
    ),
    (
        Text(
            "Blank",
        ),
        590..595,
    ),
    (
        Whitespace,
        595..596,
    ),
    (
        Text(
            "line",
        ),
        596..600,
    ),
    (
        Whitespace,
        600..601,
    ),
    (
        Text(
            "required",
        ),
        601..609,
    ),
    (
        Whitespace,
        609..610,
    ),
    (
        Text(
            "before",
        ),
        610..616,
    ),
    (
        Whitespace,
        616..617,
    ),
    (
        Text(
            "list",
        ),
        617..621,
    ),
    (
        Whitespace,
        621..622,
    ),
    (
        Text(
            "{{list",
        ),
        622..628,
    ),
    (
        Dash,
        628..629,
    ),
    (
        Text(
            "item}}",
        ),
        629..635,
    ),
    (
        BlankLine(
            Some(
                "\n",
            ),
        ),
        635..636,
    ),
    (
        BlankLine(
            Some(
                "\n",
            ),
        ),
        636..637,
    ),
    (
        Text(
            "List",
        ),
        637..641,
    ),
    (
        Whitespace,
        641..642,
    ),
    (
        Text(
            "followed",
        ),
        642..650,
    ),
    (
        Whitespace,
        650..651,
    ),
    (
        Text(
            "by",
        ),
        651..653,
    ),
    (
        Whitespace,
        653..654,
    ),
    (
        Text(
            "paragraph",
        ),
        654..663,
    ),
    (
        Whitespace,
        663..664,
    ),
    (
        Text(
            "without",
        ),
        664..671,
    ),
    (
        Whitespace,
        671..672,
    ),
    (
        Text(
            "blank",
        ),
        672..677,
    ),
    (
        Whitespace,
        677..678,
    ),
    (
        Text(
            "line",
        ),
        678..682,
    ),
    (
        Colon,
        682..683,
    ),
    (
        Whitespace,
        683..684,
    ),
    (
        Text(
            "{{paragraph}}",
        ),
        684..697,
    ),
    (
        BlankLine(
            Some(
                "\n",
            ),
        ),
        697..698,
    ),
    (
        BlankLine(
            Some(
                "\n",
            ),
        ),
        698..699,
    ),
    (
        Dash,
        699..700,
    ),
    (
        Whitespace,
        700..701,
    ),
    (
        Text(
            "Last",
        ),
        701..705,
    ),
    (
        Whitespace,
        705..706,
    ),
    (
        Text(
            "list",
        ),
        706..710,
    ),
    (
        Whitespace,
        710..711,
    ),
    (
        Text(
            "item",
        ),
        711..715,
    ),
    (
        Whitespace,
        715..716,
    ),
    (
        Text(
            "{{list",
        ),
        716..722,
    ),
    (
        Dash,
        722..723,
    ),
    (
        Text(
            "item}}",
        ),
        723..729,
    ),
    (
        BlankLine(
            Some(
                "\n",
            ),
        ),
        729..730,
    ),
    (
        Dash,
        730..731,
    ),
    (
        Whitespace,
        731..732,
    ),
    (
        Text(
            "Another",
        ),
        732..739,
    ),
    (
        Whitespace,
        739..740,
    ),
    (
        Text(
            "list",
        ),
        740..744,
    ),
    (
        Whitespace,
        744..745,
    ),
    (
        Text(
            "item",
        ),
        745..749,
    ),
    (
        Whitespace,
        749..750,
    ),
    (
        Text(
            "{{list",
        ),
        750..756,
    ),
    (
        Dash,
        756..757,
    ),
    (
        Text(
            "item}}",
        ),
        757..763,
    ),
    (
        BlankLine(
            Some(
                "\n",
            ),
        ),
        763..764,
    ),
    (
        BlankLine(
            Some(
                "\n",
            ),
        ),
        764..765,
    ),
    (
        Text(
            "This",
        ),
        765..769,
    ),
    (
        Whitespace,
        769..770,
    ),
    (
        Text(
            "paragraph",
        ),
        770..779,
    ),
    (
        Whitespace,
        779..780,
    ),
    (
        Text(
            "follows",
        ),
        780..787,
    ),
    (
        Whitespace,
        787..788,
    ),
    (
        Text(
            "after",
        ),
        788..793,
    ),
    (
        Whitespace,
        793..794,
    ),
    (
        Text(
            "blank",
        ),
        794..799,
    ),
    (
        Whitespace,
        799..800,
    ),
    (
        Text(
            "line",
        ),
        800..804,
    ),
    (
        Whitespace,
        804..805,
    ),
    (
        Text(
            "{{paragraph}}",
        ),
        805..818,
    ),
    (
        BlankLine(
            Some(
                "\n",
            ),
        ),
        818..819,
    ),
    (
        BlankLine(
            Some(
                "\n",
            ),
        ),
        819..820,
    ),
    (
        Text(
            "Blank",
        ),
        820..825,
    ),
    (
        Whitespace,
        825..826,
    ),
    (
        Text(
            "lines",
        ),
        826..831,
    ),
    (
        Whitespace,
        831..832,
    ),
    (
        Text(
            "between",
        ),
        832..839,
    ),
    (
        Whitespace,
        839..840,
    ),
    (
        Text(
            "list",
        ),
        840..844,
    ),
    (
        Whitespace,
        844..845,
    ),
    (
        Text(
            "items",
        ),
        845..850,
    ),
    (
        Whitespace,
        850..851,
    ),
    (
        OpenParen,
        851..852,
    ),
    (
        Text(
            "illegal",
        ),
        852..859,
    ),
    (
        Comma,
        859..860,
    ),
    (
        Whitespace,
        860..861,
    ),
    (
        Text(
            "becomes",
        ),
        861..868,
    ),
    (
        Whitespace,
        868..869,
    ),
    (
        Text(
            "separate",
        ),
        869..877,
    ),
    (
        Whitespace,
        877..878,
    ),
    (
        Text(
            "paragraphs",
        ),
        878..888,
    ),
    (
        CloseParen,
        888..889,
    ),
    (
        Colon,
        889..890,
    ),
    (
        Whitespace,
        890..891,
    ),
    (
        Text(
            "{{paragraph}}",
        ),
        891..904,
    ),
    (
        BlankLine(
            Some(
                "\n",
            ),
        ),
        904..905,
    ),
    (
        Dash,
        905..906,
    ),
    (
        Whitespace,
        906..907,
    ),
    (
        Text(
            "This",
        ),
        907..911,
    ),
    (
        Whitespace,
        911..912,
    ),
    (
        Text(
            "is",
        ),
        912..914,
    ),
    (
        Whitespace,
        914..915,
    ),
    (
        Text(
            "not",
        ),
        915..918,
    ),
    (
        Whitespace,
        918..919,
    ),
    (
        Text(
            "{{paragraph}}",
        ),
        919..932,
    ),
    (
        BlankLine(
            Some(
                "\n",
            ),
        ),
        932..933,
    ),
    (
        BlankLine(
            Some(
                "\n",
            ),
        ),
        933..934,
    ),
    (
        Dash,
        934..935,
    ),
    (
        Whitespace,
        935..936,
    ),
    (
        Text(
            "A",
        ),
        936..937,
    ),
    (
        Whitespace,
        937..938,
    ),
    (
        Text(
            "list",
        ),
        938..942,
    ),
    (
        Whitespace,
        942..943,
    ),
    (
        Text(
            "{{paragraph}}",
        ),
        943..956,
    ),
    (
        BlankLine(
            Some(
                "\n",
            ),
        ),
        956..957,
    ),
    (
        BlankLine(
            Some(
                "\n",
            ),
        ),
        957..958,
    ),
    (
        Text(
            "Proper",
        ),
        958..964,
    ),
    (
        Whitespace,
        964..965,
    ),
    (
        Text(
            "list",
        ),
        965..969,
    ),
    (
        Whitespace,
        969..970,
    ),
    (
        Text(
            "with",
        ),
        970..974,
    ),
    (
        Whitespace,
        974..975,
    ),
    (
        Text(
            "blank",
        ),
        975..980,
    ),
    (
        Whitespace,
        980..981,
    ),
    (
        Text(
            "lines",
        ),
        981..986,
    ),
    (
        Whitespace,
        986..987,
    ),
    (
        Text(
            "around",
        ),
        987..993,
    ),
    (
        Whitespace,
        993..994,
    ),
    (
        Text(
            "it",
        ),
        994..996,
    ),
    (
        Colon,
        996..997,
    ),
    (
        Whitespace,
        997..998,
    ),
    (
        Text(
            "{{paragraph}}",
        ),
        998..1011,
    ),
    (
        BlankLine(
            Some(
                "\n",
            ),
        ),
        1011..1012,
    ),
    (
        BlankLine(
            Some(
                "\n",
            ),
        ),
        1012..1013,
    ),
    (
        Dash,
        1013..1014,
    ),
    (
        Whitespace,
        1014..1015,
    ),
    (
        Text(
            "First",
        ),
        1015..1020,
    ),
    (
        Whitespace,
        1020..1021,
    ),
    (
        Text(
            "proper",
        ),
        1021..1027,
    ),
    (
        Whitespace,
        1027..1028,
    ),
    (
        Text(
            "list",
        ),
        1028..1032,
    ),
    (
        Whitespace,
        1032..1033,
    ),
    (
        Text(
            "item",
        ),
        1033..1037,
    ),
    (
        Whitespace,
        1037..1038,
    ),
    (
        Text(
            "{{list",
        ),
        1038..1044,
    ),
    (
        Dash,
        1044..1045,
    ),
    (
        Text(
            "item}}",
        ),
        1045..1051,
    ),
    (
        BlankLine(
            Some(
                "\n",
            ),
        ),
        1051..1052,
    ),
    (
        Dash,
        1052..1053,
    ),
    (
        Whitespace,
        1053..1054,
    ),
    (
        Text(
            "Second",
        ),
        1054..1060,
    ),
    (
        Whitespace,
        1060..1061,
    ),
    (
        Text(
            "proper",
        ),
        1061..1067,
    ),
    (
        Whitespace,
        1067..1068,
    ),
    (
        Text(
            "list",
        ),
        1068..1072,
    ),
    (
        Whitespace,
        1072..1073,
    ),
    (
        Text(
            "item",
        ),
        1073..1077,
    ),
    (
        Whitespace,
        1077..1078,
    ),
    (
        Text(
            "{{list",
        ),
        1078..1084,
    ),
    (
        Dash,
        1084..1085,
    ),
    (
        Text(
            "item}}",
        ),
        1085..1091,
    ),
    (
        BlankLine(
            Some(
                "\n",
            ),
        ),
        1091..1092,
    ),
    (
        BlankLine(
            Some(
                "\n",
            ),
        ),
        1092..1093,
    ),
    (
        Text(
            "Paragraph",
        ),
        1093..1102,
    ),
    (
        Whitespace,
        1102..1103,
    ),
    (
        Text(
            "after",
        ),
        1103..1108,
    ),
    (
        Whitespace,
        1108..1109,
    ),
    (
        Text(
            "proper",
        ),
        1109..1115,
    ),
    (
        Whitespace,
        1115..1116,
    ),
    (
        Text(
            "list",
        ),
        1116..1120,
    ),
    (
        Period,
        1120..1121,
    ),
    (
        Whitespace,
        1121..1122,
    ),
    (
        Text(
            "{{paragraph}}",
        ),
        1122..1135,
    ),
    (
        BlankLine(
            Some(
                "\n",
            ),
        ),
        1135..1136,
    ),
    (
        BlankLine(
            Some(
                "\n",
            ),
        ),
        1136..1137,
    ),
    (
        Text(
            "Valid",
        ),
        1137..1142,
    ),
    (
        Whitespace,
        1142..1143,
    ),
    (
        Text(
            "mixed",
        ),
        1143..1148,
    ),
    (
        Whitespace,
        1148..1149,
    ),
    (
        Text(
            "decoration",
        ),
        1149..1159,
    ),
    (
        Whitespace,
        1159..1160,
    ),
    (
        Text(
            "list",
        ),
        1160..1164,
    ),
    (
        Colon,
        1164..1165,
    ),
    (
        Whitespace,
        1165..1166,
    ),
    (
        Text(
            "{{paragraph}}",
        ),
        1166..1179,
    ),
    (
        BlankLine(
            Some(
                "\n",
            ),
        ),
        1179..1180,
    ),
    (
        Dash,
        1180..1181,
    ),
    (
        Whitespace,
        1181..1182,
    ),
    (
        Text(
            "First",
        ),
        1182..1187,
    ),
    (
        Whitespace,
        1187..1188,
    ),
    (
        Text(
            "item",
        ),
        1188..1192,
    ),
    (
        Whitespace,
        1192..1193,
    ),
    (
        Text(
            "{{list",
        ),
        1193..1199,
    ),
    (
        Dash,
        1199..1200,
    ),
    (
        Text(
            "item}}",
        ),
        1200..1206,
    ),
    (
        BlankLine(
            Some(
                "\n",
            ),
        ),
        1206..1207,
    ),
    (
        Number(
            "1",
        ),
        1207..1208,
    ),
    (
        Period,
        1208..1209,
    ),
    (
        Whitespace,
        1209..1210,
    ),
    (
        Text(
            "Second",
        ),
        1210..1216,
    ),
    (
        Whitespace,
        1216..1217,
    ),
    (
        Text(
            "item",
        ),
        1217..1221,
    ),
    (
        Whitespace,
        1221..1222,
    ),
    (
        Text(
            "{{list",
        ),
        1222..1228,
    ),
    (
        Dash,
        1228..1229,
    ),
    (
        Text(
            "item}}",
        ),
        1229..1235,
    ),
    (
        BlankLine(
            Some(
                "\n",
            ),
        ),
        1235..1236,
    ),
    (
        Text(
            "a",
        ),
        1236..1237,
    ),
    (
        Period,
        1237..1238,
    ),
    (
        Whitespace,
        1238..1239,
    ),
    (
        Text(
            "Third",
        ),
        1239..1244,
    ),
    (
        Whitespace,
        1244..1245,
    ),
    (
        Text(
            "item",
        ),
        1245..1249,
    ),
    (
        Whitespace,
        1249..1250,
    ),
    (
        Text(
            "{{list",
        ),
        1250..1256,
    ),
    (
        Dash,
        1256..1257,
    ),
    (
        Text(
            "item}}",
        ),
        1257..1263,
    ),
    (
        BlankLine(
            Some(
                "\n",
            ),
        ),
        1263..1264,
    ),
]
