---
source: src/lex/lexers/detokenizer.rs
expression: detokenized
---
Simple Nested Lists Test {{paragraph}}

This document tests simple list-in-list nesting. {{paragraph}}

Basic nested list: {{paragraph}}

- First outer item {{list-item}}
    - First nested item {{list-item}}
    - Second nested item {{list-item}}

- Second outer item {{list-item}}
    - Another nested item {{list-item}}
    - Yet another nested item {{list-item}}

Numbered list with nested dashed list: {{paragraph}}

1. First numbered item {{list-item}}
    - Nested dash item one {{list-item}}
    - Nested dash item two {{list-item}}

2. Second numbered item {{list-item}}
    - Another nested dash item {{list-item}}
    - Yet another nested dash item {{list-item}}

Final paragraph after lists. {{paragraph}}
